Component: ARM Compiler 5.06 update 7 (build 960) Tool: armlink [4d3601]

==============================================================================

Section Cross References

    startup_stm32f103xb.o(STACK) refers (Special) to heapauxi.o(.text) for __use_two_region_memory
    startup_stm32f103xb.o(HEAP) refers (Special) to heapauxi.o(.text) for __use_two_region_memory
    startup_stm32f103xb.o(RESET) refers (Special) to heapauxi.o(.text) for __use_two_region_memory
    startup_stm32f103xb.o(RESET) refers to startup_stm32f103xb.o(STACK) for __initial_sp
    startup_stm32f103xb.o(RESET) refers to startup_stm32f103xb.o(.text) for Reset_Handler
    startup_stm32f103xb.o(RESET) refers to stm32f1xx_it.o(i.NMI_Handler) for NMI_Handler
    startup_stm32f103xb.o(RESET) refers to stm32f1xx_it.o(i.HardFault_Handler) for HardFault_Handler
    startup_stm32f103xb.o(RESET) refers to stm32f1xx_it.o(i.MemManage_Handler) for MemManage_Handler
    startup_stm32f103xb.o(RESET) refers to stm32f1xx_it.o(i.BusFault_Handler) for BusFault_Handler
    startup_stm32f103xb.o(RESET) refers to stm32f1xx_it.o(i.UsageFault_Handler) for UsageFault_Handler
    startup_stm32f103xb.o(RESET) refers to stm32f1xx_it.o(i.SVC_Handler) for SVC_Handler
    startup_stm32f103xb.o(RESET) refers to stm32f1xx_it.o(i.DebugMon_Handler) for DebugMon_Handler
    startup_stm32f103xb.o(RESET) refers to stm32f1xx_it.o(i.PendSV_Handler) for PendSV_Handler
    startup_stm32f103xb.o(RESET) refers to stm32f1xx_it.o(i.SysTick_Handler) for SysTick_Handler
    startup_stm32f103xb.o(RESET) refers to stm32f1xx_it.o(i.DMA1_Channel4_IRQHandler) for DMA1_Channel4_IRQHandler
    startup_stm32f103xb.o(RESET) refers to stm32f1xx_it.o(i.DMA1_Channel5_IRQHandler) for DMA1_Channel5_IRQHandler
    startup_stm32f103xb.o(RESET) refers to stm32f1xx_it.o(i.DMA1_Channel7_IRQHandler) for DMA1_Channel7_IRQHandler
    startup_stm32f103xb.o(RESET) refers to stm32f1xx_it.o(i.USB_LP_CAN1_RX0_IRQHandler) for USB_LP_CAN1_RX0_IRQHandler
    startup_stm32f103xb.o(RESET) refers to stm32f1xx_it.o(i.TIM2_IRQHandler) for TIM2_IRQHandler
    startup_stm32f103xb.o(RESET) refers to stm32f1xx_it.o(i.USART1_IRQHandler) for USART1_IRQHandler
    startup_stm32f103xb.o(.text) refers (Special) to heapauxi.o(.text) for __use_two_region_memory
    startup_stm32f103xb.o(.text) refers to system_stm32f1xx.o(i.SystemInit) for SystemInit
    startup_stm32f103xb.o(.text) refers to __main.o(!!!main) for __main
    startup_stm32f103xb.o(.text) refers to startup_stm32f103xb.o(HEAP) for Heap_Mem
    startup_stm32f103xb.o(.text) refers to startup_stm32f103xb.o(STACK) for Stack_Mem
    ws281x.o(i.WS28xx_DisplayTask) refers to stm32f1xx_hal.o(i.HAL_GetTick) for HAL_GetTick
    ws281x.o(i.WS28xx_DisplayTask) refers to ws281x.o(i.Dis_Cmd_OutQueue) for Dis_Cmd_OutQueue
    ws281x.o(i.WS28xx_DisplayTask) refers to ws281x.o(.data) for .data
    ws281x.o(i.WS28xx_DisplayTask) refers to ws281x.o(.bss) for .bss
    ws281x.o(i.WS28xx_TypeStructInit) refers to ws281x.o(i.Dis_Cmd_InitQueue) for Dis_Cmd_InitQueue
    ws281x.o(i.WS28xx_TypeStructInit) refers to ws281x.o(.bss) for .bss
    ws281x.o(i.WS28xx_TypeStructInit) refers to ws281x.o(i.__GetPixelColor_RGB) for __GetPixelColor_RGB
    ws281x.o(i.WS28xx_TypeStructInit) refers to ws281x.o(i.__SetPixelColor_From_RGB_Buffer) for __SetPixelColor_From_RGB_Buffer
    ws281x.o(i.WS28xx_TypeStructInit) refers to ws281x.o(i.__SetPixelColor_RGB) for __SetPixelColor_RGB
    ws281x.o(i.WS28xx_TypeStructInit) refers to ws281x.o(i.__SetALLColor_RGB) for __SetALLColor_RGB
    ws281x.o(i.WS28xx_TypeStructInit) refers to ws281x.o(i.__show) for __show
    ws281x.o(i.__GetPixelColor_RGB) refers to ws281x.o(.bss) for .bss
    ws281x.o(i.__SetALLColor_RGB) refers to ws281x.o(.bss) for .bss
    ws281x.o(i.__SetPixelColor_From_RGB_Buffer) refers to ws281x.o(.bss) for .bss
    ws281x.o(i.__SetPixelColor_RGB) refers to ws281x.o(i.__rgb2hsv) for __rgb2hsv
    ws281x.o(i.__SetPixelColor_RGB) refers to fflt_clz.o(x$fpl$ffltu) for __aeabi_ui2f
    ws281x.o(i.__SetPixelColor_RGB) refers to fmul.o(x$fpl$fmul) for __aeabi_fmul
    ws281x.o(i.__SetPixelColor_RGB) refers to fdiv.o(x$fpl$fdiv) for __aeabi_fdiv
    ws281x.o(i.__SetPixelColor_RGB) refers to ws281x.o(i.__hsv2rgb) for __hsv2rgb
    ws281x.o(i.__SetPixelColor_RGB) refers to ws281x.o(.bss) for .bss
    ws281x.o(i.__hsv2rgb) refers to ffix.o(x$fpl$ffix) for __aeabi_f2iz
    ws281x.o(i.__hsv2rgb) refers to dflt_clz.o(x$fpl$dflt) for __aeabi_i2d
    ws281x.o(i.__hsv2rgb) refers to f2d.o(x$fpl$f2d) for __aeabi_f2d
    ws281x.o(i.__hsv2rgb) refers to ddiv.o(x$fpl$ddiv) for __aeabi_ddiv
    ws281x.o(i.__hsv2rgb) refers to daddsub_clz.o(x$fpl$dsub) for __aeabi_dsub
    ws281x.o(i.__hsv2rgb) refers to d2f.o(x$fpl$d2f) for __aeabi_d2f
    ws281x.o(i.__hsv2rgb) refers to faddsub_clz.o(x$fpl$fsub) for __aeabi_fsub
    ws281x.o(i.__hsv2rgb) refers to fmul.o(x$fpl$fmul) for __aeabi_fmul
[...]
    __rt_entry                               0x080001a9   Thumb Code     0  __rtentry.o(.ARM.Collect$$rtentry$$00000000)
    __rt_entry_presh_1                       0x080001a9   Thumb Code     0  __rtentry2.o(.ARM.Collect$$rtentry$$00000002)
    __rt_entry_sh                            0x080001a9   Thumb Code     0  __rtentry4.o(.ARM.Collect$$rtentry$$00000004)
    __rt_entry_li                            0x080001af   Thumb Code     0  __rtentry2.o(.ARM.Collect$$rtentry$$0000000A)
    __rt_entry_postsh_1                      0x080001af   Thumb Code     0  __rtentry2.o(.ARM.Collect$$rtentry$$00000009)
    __rt_entry_main                          0x080001b3   Thumb Code     0  __rtentry2.o(.ARM.Collect$$rtentry$$0000000D)
    __rt_entry_postli_1                      0x080001b3   Thumb Code     0  __rtentry2.o(.ARM.Collect$$rtentry$$0000000C)
    __rt_exit                                0x080001bb   Thumb Code     0  rtexit.o(.ARM.Collect$$rtexit$$00000000)
    __rt_exit_ls                             0x080001bd   Thumb Code     0  rtexit2.o(.ARM.Collect$$rtexit$$00000003)
    __rt_exit_prels_1                        0x080001bd   Thumb Code     0  rtexit2.o(.ARM.Collect$$rtexit$$00000002)
    __rt_exit_exit                           0x080001c1   Thumb Code     0  rtexit2.o(.ARM.Collect$$rtexit$$00000004)
    Reset_Handler                            0x080001c9   Thumb Code     8  startup_stm32f103xb.o(.text)
    ADC1_2_IRQHandler                        0x080001e3   Thumb Code     0  startup_stm32f103xb.o(.text)
    CAN1_RX1_IRQHandler                      0x080001e3   Thumb Code     0  startup_stm32f103xb.o(.text)
    CAN1_SCE_IRQHandler                      0x080001e3   Thumb Code     0  startup_stm32f103xb.o(.text)
    DMA1_Channel1_IRQHandler                 0x080001e3   Thumb Code     0  startup_stm32f103xb.o(.text)
    DMA1_Channel2_IRQHandler                 0x080001e3   Thumb Code     0  startup_stm32f103xb.o(.text)
    DMA1_Channel3_IRQHandler                 0x080001e3   Thumb Code     0  startup_stm32f103xb.o(.text)
    DMA1_Channel6_IRQHandler                 0x080001e3   Thumb Code     0  startup_stm32f103xb.o(.text)
    EXTI0_IRQHandler                         0x080001e3   Thumb Code     0  startup_stm32f103xb.o(.text)
    EXTI15_10_IRQHandler                     0x080001e3   Thumb Code     0  startup_stm32f103xb.o(.text)
    EXTI1_IRQHandler                         0x080001e3   Thumb Code     0  startup_stm32f103xb.o(.text)
    EXTI2_IRQHandler                         0x080001e3   Thumb Code     0  startup_stm32f103xb.o(.text)
    EXTI3_IRQHandler                         0x080001e3   Thumb Code     0  startup_stm32f103xb.o(.text)
    EXTI4_IRQHandler                         0x080001e3   Thumb Code     0  startup_stm32f103xb.o(.text)
    EXTI9_5_IRQHandler                       0x080001e3   Thumb Code     0  startup_stm32f103xb.o(.text)
    FLASH_IRQHandler                         0x080001e3   Thumb Code     0  startup_stm32f103xb.o(.text)
    I2C1_ER_IRQHandler                       0x080001e3   Thumb Code     0  startup_stm32f103xb.o(.text)
    I2C1_EV_IRQHandler                       0x080001e3   Thumb Code     0  startup_stm32f103xb.o(.text)
    I2C2_ER_IRQHandler                       0x080001e3   Thumb Code     0  startup_stm32f103xb.o(.text)
    I2C2_EV_IRQHandler                       0x080001e3   Thumb Code     0  startup_stm32f103xb.o(.text)
    PVD_IRQHandler                           0x080001e3   Thumb Code     0  startup_stm32f103xb.o(.text)
    RCC_IRQHandler                           0x080001e3   Thumb Code     0  startup_stm32f103xb.o(.text)
    RTC_Alarm_IRQHandler                     0x080001e3   Thumb Code     0  startup_stm32f103xb.o(.text)
    RTC_IRQHandler                           0x080001e3   Thumb Code     0  startup_stm32f103xb.o(.text)
    SPI1_IRQHandler                          0x080001e3   Thumb Code     0  startup_stm32f103xb.o(.text)
    SPI2_IRQHandler                          0x080001e3   Thumb Code     0  startup_stm32f103xb.o(.text)
    TAMPER_IRQHandler                        0x080001e3   Thumb Code     0  startup_stm32f103xb.o(.text)
    TIM1_BRK_IRQHandler                      0x080001e3   Thumb Code     0  startup_stm32f103xb.o(.text)
    TIM1_CC_IRQHandler                       0x080001e3   Thumb Code     0  startup_stm32f103xb.o(.text)
    TIM1_TRG_COM_IRQHandler                  0x080001e3   Thumb Code     0  startup_stm32f103xb.o(.text)
    TIM1_UP_IRQHandler                       0x080001e3   Thumb Code     0  startup_stm32f103xb.o(.text)
    TIM3_IRQHandler                          0x080001e3   Thumb Code     0  startup_stm32f103xb.o(.text)
    TIM4_IRQHandler                          0x080001e3   Thumb Code     0  startup_stm32f103xb.o(.text)
    USART2_IRQHandler                        0x080001e3   Thumb Code     0  startup_stm32f103xb.o(.text)
    USART3_IRQHandler                        0x080001e3   Thumb Code     0  startup_stm32f103xb.o(.text)
    USBWakeUp_IRQHandler                     0x080001e3   Thumb Code     0  startup_stm32f103xb.o(.text)
    USB_HP_CAN1_TX_IRQHandler                0x080001e3   Thumb Code     0  startup_stm32f103xb.o(.text)
    WWDG_IRQHandler                          0x080001e3   Thumb Code     0  startup_stm32f103xb.o(.text)
    __user_initial_stackheap                 0x080001e5   Thumb Code     0  startup_stm32f103xb.o(.text)
    __aeabi_memcpy                           0x08000209   Thumb Code     0  rt_memcpy_v6.o(.text)
    __rt_memcpy                              0x08000209   Thumb Code   138  rt_memcpy_v6.o(.text)
    _memcpy_lastbytes                        0x0800026f   Thumb Code     0  rt_memcpy_v6.o(.text)
    __aeabi_memcpy4                          0x08000293   Thumb Code     0  rt_memcpy_w.o(.text)
    __aeabi_memcpy8                          0x08000293   Thumb Code     0  rt_memcpy_w.o(.text)
    __rt_memcpy_w                            0x08000293   Thumb Code   100  rt_memcpy_w.o(.text)
    _memcpy_lastbytes_aligned                0x080002db   Thumb Code     0  rt_memcpy_w.o(.text)
    __aeabi_memclr                           0x080002f7   Thumb Code     0  rt_memclr.o(.text)
    __rt_memclr                              0x080002f7   Thumb Code    68  rt_memclr.o(.text)
    _memset                                  0x080002fb   Thumb Code     0  rt_memclr.o(.text)
    __aeabi_memclr4                          0x0800033b   Thumb Code     0  rt_memclr_w.o(.text)
    __aeabi_memclr8                          0x0800033b   Thumb Code     0  rt_memclr_w.o(.text)
    __rt_memclr_w                            0x0800033b   Thumb Code    78  rt_memclr_w.o(.text)
    _memset_w                                0x0800033f   Thumb Code     0  rt_memclr_w.o(.text)
    __use_two_region_memory                  0x08000389   Thumb Code     2  heapauxi.o(.text)
    __rt_heap_escrow$2region                 0x0800038b   Thumb Code     2  heapauxi.o(.text)
    __rt_heap_expand$2region                 0x0800038d   Thumb Code     2  heapauxi.o(.text)
    __user_setup_stackheap                   0x0800038f   Thumb Code    74  sys_stackheap_outer.o(.text)
    exit                                     0x080003d9   Thumb Code    18  exit.o(.text)
    __user_libspace                          0x080003ed   Thumb Code     8  libspace.o(.text)
    __user_perproc_libspace                  0x080003ed   Thumb Code     0  libspace.o(.text)
    __user_perthread_libspace                0x080003ed   Thumb Code     0  libspace.o(.text)
    _sys_exit                                0x080003f5   Thumb Code     8  sys_exit.o(.text)
    __I$use$semihosting                      0x08000401   Thumb Code     0  use_no_semi.o(.text)
    __use_no_semihosting_swi                 0x08000401   Thumb Code     2  use_no_semi.o(.text)
    BusFault_Handler                         0x08000403   Thumb Code     2  stm32f1xx_it.o(i.BusFault_Handler)
    __semihosting_library_function           0x08000403   Thumb Code     0  indicate_semi.o(.text)
    CDC_Transmit_FS                          0x080004d5   Thumb Code    38  usbd_cdc_if.o(i.CDC_Transmit_FS)
    DMA1_Channel4_IRQHandler                 0x08000501   Thumb Code     6  stm32f1xx_it.o(i.DMA1_Channel4_IRQHandler)
    DMA1_Channel5_IRQHandler                 0x0800050d   Thumb Code    38  stm32f1xx_it.o(i.DMA1_Channel5_IRQHandler)
    DMA1_Channel7_IRQHandler                 0x08000541   Thumb Code     6  stm32f1xx_it.o(i.DMA1_Channel7_IRQHandler)
    DebugMon_Handler                         0x08000577   Thumb Code     2  stm32f1xx_it.o(i.DebugMon_Handler)
    Dis_Cmd_InQueue                          0x08000579   Thumb Code    56  ws281x.o(i.Dis_Cmd_InQueue)
    Dis_Cmd_InitQueue                        0x080005b1   Thumb Code    26  ws281x.o(i.Dis_Cmd_InitQueue)
    Dis_Cmd_OutQueue                         0x080005cb   Thumb Code    50  ws281x.o(i.Dis_Cmd_OutQueue)
    E32x_ClearIRQ                            0x08000623   Thumb Code    20  ebyte_e32x.o(i.E32x_ClearIRQ)
    E32x_GetDriverVersion                    0x08000637   Thumb Code     4  ebyte_e32x.o(i.E32x_GetDriverVersion)
    E32x_GetIRQ                              0x0800063b   Thumb Code     6  ebyte_e32x.o(i.E32x_GetIRQ)
    E32x_GetName                             0x08000641   Thumb Code     4  ebyte_e32x.o(i.E32x_GetName)
    E32x_GetStatus                           0x0800068d   Thumb Code     6  ebyte_e32x.o(i.E32x_GetStatus)
    E32x_GoReceive                           0x08000699   Thumb Code    54  ebyte_e32x.o(i.E32x_GoReceive)
    E32x_GoSleep                             0x080006cf   Thumb Code    10  ebyte_e32x.o(i.E32x_GoSleep)
    E32x_GoTransmit                          0x080006d9   Thumb Code   120  ebyte_e32x.o(i.E32x_GoTransmit)
    E32x_Init                                0x08000751   Thumb Code    84  ebyte_e32x.o(i.E32x_Init)
    E32x_IsExist                             0x080007a9   Thumb Code    20  ebyte_e32x.o(i.E32x_IsExist)
    E32x_SetGPIO                             0x080007bd   Thumb Code    24  ebyte_e32x.o(i.E32x_SetGPIO)
    E32x_SetIRQ                              0x080007d5   Thumb Code    10  ebyte_e32x.o(i.E32x_SetIRQ)
    E32x_SetLoRaInit                         0x080007e1   Thumb Code   364  ebyte_e32x.o(i.E32x_SetLoRaInit)
    E32x_SetReceive                          0x08000951   Thumb Code    30  ebyte_e32x.o(i.E32x_SetReceive)
    E32x_SetSleep                            0x080009b5   Thumb Code    26  ebyte_e32x.o(i.E32x_SetSleep)
    E32x_SetStby                             0x080009d5   Thumb Code    30  ebyte_e32x.o(i.E32x_SetStby)
    E32x_SetTransmit                         0x080009f9   Thumb Code    30  ebyte_e32x.o(i.E32x_SetTransmit)
    E32x_TaskForIRQ                          0x08000a1d   Thumb Code     2  ebyte_e32x.o(i.E32x_TaskForIRQ)
    E32x_TaskForPoll                         0x08000a21   Thumb Code    72  ebyte_e32x.o(i.E32x_TaskForPoll)
    Ebyte_BSP_Init                           0x08000a6d   Thumb Code     6  board.o(i.Ebyte_BSP_Init)
    Ebyte_BTN_FIFO_Init                      0x08000a79   Thumb Code    10  board_button.o(i.Ebyte_BTN_FIFO_Init)
    Ebyte_FIFO_Init                          0x08000a83   Thumb Code    22  ebyte_kfifo.o(i.Ebyte_FIFO_Init)
    Ebyte_Port_DelayMs                       0x08000a99   Thumb Code     4  ebyte_port.o(i.Ebyte_Port_DelayMs)
    Ebyte_Port_ReceiveCallback               0x08000a9d   Thumb Code    40  ebyte_callback.o(i.Ebyte_Port_ReceiveCallback)
    Ebyte_Port_RstIoControl                  0x08000acd   Thumb Code    20  ebyte_port.o(i.Ebyte_Port_RstIoControl)
    Ebyte_Port_RxenIoControl                 0x08000ae5   Thumb Code    20  ebyte_port.o(i.Ebyte_Port_RxenIoControl)
    Ebyte_Port_SpiCsIoControl                0x08000afd   Thumb Code    20  ebyte_port.o(i.Ebyte_Port_SpiCsIoControl)
    Ebyte_Port_SpiTransmitAndReceivce        0x08000b15   Thumb Code    32  ebyte_port.o(i.Ebyte_Port_SpiTransmitAndReceivce)
    Ebyte_Port_TransmitCallback              0x08000b39   Thumb Code    16  ebyte_callback.o(i.Ebyte_Port_TransmitCallback)
    Ebyte_Port_TxenIoControl                 0x08000b4d   Thumb Code    20  ebyte_port.o(i.Ebyte_Port_TxenIoControl)
    Error_Handler                            0x08000b65   Thumb Code     4  main.o(i.Error_Handler)
    HAL_DMA_Abort                            0x08000b69   Thumb Code    70  stm32f1xx_hal_dma.o(i.HAL_DMA_Abort)
    HAL_DMA_Abort_IT                         0x08000bb1   Thumb Code   148  stm32f1xx_hal_dma.o(i.HAL_DMA_Abort_IT)
    HAL_DMA_IRQHandler                       0x08000c49   Thumb Code   316  stm32f1xx_hal_dma.o(i.HAL_DMA_IRQHandler)
    HAL_DMA_Init                             0x08000d9d   Thumb Code    84  stm32f1xx_hal_dma.o(i.HAL_DMA_Init)
    HAL_DMA_Start_IT                         0x08000df9   Thumb Code   112  stm32f1xx_hal_dma.o(i.HAL_DMA_Start_IT)
    HAL_Delay                                0x08000e69   Thumb Code    32  stm32f1xx_hal.o(i.HAL_Delay)
    HAL_GPIO_Init                            0x08000e8d   Thumb Code   446  stm32f1xx_hal_gpio.o(i.HAL_GPIO_Init)
    HAL_GPIO_WritePin                        0x0800106d   Thumb Code    10  stm32f1xx_hal_gpio.o(i.HAL_GPIO_WritePin)
    HAL_GetTick                              0x08001079   Thumb Code     6  stm32f1xx_hal.o(i.HAL_GetTick)
    HAL_IWDG_Init                            0x08001085   Thumb Code    90  stm32f1xx_hal_iwdg.o(i.HAL_IWDG_Init)
    HAL_IWDG_Refresh                         0x080010df   Thumb Code    12  stm32f1xx_hal_iwdg.o(i.HAL_IWDG_Refresh)
    HAL_IncTick                              0x080010ed   Thumb Code    12  stm32f1xx_hal.o(i.HAL_IncTick)
    HAL_Init                                 0x080010fd   Thumb Code    32  stm32f1xx_hal.o(i.HAL_Init)
    HAL_InitTick                             0x08001121   Thumb Code    54  stm32f1xx_hal.o(i.HAL_InitTick)
    HAL_MspInit                              0x08001161   Thumb Code    52  stm32f1xx_hal_msp.o(i.HAL_MspInit)
    HAL_NVIC_EnableIRQ                       0x0800119d   Thumb Code    26  stm32f1xx_hal_cortex.o(i.HAL_NVIC_EnableIRQ)
    HAL_NVIC_SetPriority                     0x080011b9   Thumb Code    60  stm32f1xx_hal_cortex.o(i.HAL_NVIC_SetPriority)
    HAL_NVIC_SetPriorityGrouping             0x080011f9   Thumb Code    26  stm32f1xx_hal_cortex.o(i.HAL_NVIC_SetPriorityGrouping)
    HAL_PCDEx_PMAConfig                      0x0800121d   Thumb Code    60  stm32f1xx_hal_pcd_ex.o(i.HAL_PCDEx_PMAConfig)
    HAL_PCDEx_SetConnectionState             0x08001259   Thumb Code     2  usbd_conf.o(i.HAL_PCDEx_SetConnectionState)
    HAL_PCD_DataInStageCallback              0x0800125b   Thumb Code    18  usbd_conf.o(i.HAL_PCD_DataInStageCallback)
    HAL_PCD_DataOutStageCallback             0x0800126d   Thumb Code    20  usbd_conf.o(i.HAL_PCD_DataOutStageCallback)
    HAL_PCD_EP_Close                         0x08001281   Thumb Code    76  stm32f1xx_hal_pcd.o(i.HAL_PCD_EP_Close)
    HAL_PCD_EP_ClrStall                      0x080012cd   Thumb Code    92  stm32f1xx_hal_pcd.o(i.HAL_PCD_EP_ClrStall)
    HAL_PCD_EP_GetRxCount                    0x08001747   Thumb Code    18  stm32f1xx_hal_pcd.o(i.HAL_PCD_EP_GetRxCount)
    HAL_PCD_EP_Open                          0x08001759   Thumb Code    90  stm32f1xx_hal_pcd.o(i.HAL_PCD_EP_Open)
    HAL_PCD_EP_Receive                       0x080017b3   Thumb Code    46  stm32f1xx_hal_pcd.o(i.HAL_PCD_EP_Receive)
    HAL_PCD_EP_SetStall                      0x080017e1   Thumb Code   114  stm32f1xx_hal_pcd.o(i.HAL_PCD_EP_SetStall)
    HAL_PCD_EP_Transmit                      0x08001853   Thumb Code    48  stm32f1xx_hal_pcd.o(i.HAL_PCD_EP_Transmit)
    HAL_PCD_IRQHandler                       0x08001885   Thumb Code   308  stm32f1xx_hal_pcd.o(i.HAL_PCD_IRQHandler)
    HAL_PCD_Init                             0x080019b9   Thumb Code   218  stm32f1xx_hal_pcd.o(i.HAL_PCD_Init)
    HAL_PCD_MspInit                          0x08001a95   Thumb Code    50  usbd_conf.o(i.HAL_PCD_MspInit)
    HAL_PCD_ResetCallback                    0x08001ad1   Thumb Code    38  usbd_conf.o(i.HAL_PCD_ResetCallback)
    HAL_PCD_ResumeCallback                   0x08001af7   Thumb Code     8  usbd_conf.o(i.HAL_PCD_ResumeCallback)
    HAL_PCD_SOFCallback                      0x08001aff   Thumb Code     8  usbd_conf.o(i.HAL_PCD_SOFCallback)
    HAL_PCD_SetAddress                       0x08001b07   Thumb Code    40  stm32f1xx_hal_pcd.o(i.HAL_PCD_SetAddress)
    HAL_PCD_SetupStageCallback               0x08001b2f   Thumb Code    14  usbd_conf.o(i.HAL_PCD_SetupStageCallback)
    HAL_PCD_Start                            0x08001b3d   Thumb Code    50  stm32f1xx_hal_pcd.o(i.HAL_PCD_Start)
    HAL_PCD_SuspendCallback                  0x08001b71   Thumb Code    30  usbd_conf.o(i.HAL_PCD_SuspendCallback)
    HAL_RCCEx_PeriphCLKConfig                0x08001b95   Thumb Code   224  stm32f1xx_hal_rcc_ex.o(i.HAL_RCCEx_PeriphCLKConfig)
    HAL_RCC_ClockConfig                      0x08001c81   Thumb Code   280  stm32f1xx_hal_rcc.o(i.HAL_RCC_ClockConfig)
    HAL_RCC_GetPCLK1Freq                     0x08001dad   Thumb Code    20  stm32f1xx_hal_rcc.o(i.HAL_RCC_GetPCLK1Freq)
    HAL_RCC_GetPCLK2Freq                     0x08001dcd   Thumb Code    20  stm32f1xx_hal_rcc.o(i.HAL_RCC_GetPCLK2Freq)
    HAL_RCC_GetSysClockFreq                  0x08001ded   Thumb Code    64  stm32f1xx_hal_rcc.o(i.HAL_RCC_GetSysClockFreq)
    HAL_RCC_OscConfig                        0x08001e41   Thumb Code   778  stm32f1xx_hal_rcc.o(i.HAL_RCC_OscConfig)
    HAL_SPI_Init                             0x08002161   Thumb Code   178  stm32f1xx_hal_spi.o(i.HAL_SPI_Init)
    HAL_SPI_MspInit                          0x08002215   Thumb Code    98  spi.o(i.HAL_SPI_MspInit)
    HAL_SPI_TransmitReceive                  0x08002285   Thumb Code   494  stm32f1xx_hal_spi.o(i.HAL_SPI_TransmitReceive)
    HAL_SYSTICK_Config                       0x08002473   Thumb Code    40  stm32f1xx_hal_cortex.o(i.HAL_SYSTICK_Config)
    HAL_TIMEx_BreakCallback                  0x0800249b   Thumb Code     2  stm32f1xx_hal_tim_ex.o(i.HAL_TIMEx_BreakCallback)
    HAL_TIMEx_CommutCallback                 0x0800249d   Thumb Code     2  stm32f1xx_hal_tim_ex.o(i.HAL_TIMEx_CommutCallback)
    HAL_TIMEx_MasterConfigSynchronization    0x080024a1   Thumb Code    92  stm32f1xx_hal_tim_ex.o(i.HAL_TIMEx_MasterConfigSynchronization)
    HAL_TIM_ErrorCallback                    0x08002509   Thumb Code     2  stm32f1xx_hal_tim.o(i.HAL_TIM_ErrorCallback)
    HAL_TIM_IC_CaptureCallback               0x0800250b   Thumb Code     2  stm32f1xx_hal_tim.o(i.HAL_TIM_IC_CaptureCallback)
    HAL_TIM_IRQHandler                       0x0800250d   Thumb Code   358  stm32f1xx_hal_tim.o(i.HAL_TIM_IRQHandler)
    HAL_TIM_MspPostInit                      0x08002675   Thumb Code    62  tim.o(i.HAL_TIM_MspPostInit)
    HAL_TIM_OC_DelayElapsedCallback          0x080026bd   Thumb Code     2  stm32f1xx_hal_tim.o(i.HAL_TIM_OC_DelayElapsedCallback)
    HAL_TIM_PWM_ConfigChannel                0x080026bf   Thumb Code   204  stm32f1xx_hal_tim.o(i.HAL_TIM_PWM_ConfigChannel)
    HAL_TIM_PWM_Init                         0x0800278b   Thumb Code    90  stm32f1xx_hal_tim.o(i.HAL_TIM_PWM_Init)
    HAL_TIM_PWM_MspInit                      0x080027e5   Thumb Code    98  tim.o(i.HAL_TIM_PWM_MspInit)
    HAL_TIM_PWM_PulseFinishedCallback        0x08002855   Thumb Code     2  stm32f1xx_hal_tim.o(i.HAL_TIM_PWM_PulseFinishedCallback)
    HAL_TIM_PWM_PulseFinishedHalfCpltCallback 0x08002857   Thumb Code     2  stm32f1xx_hal_tim.o(i.HAL_TIM_PWM_PulseFinishedHalfCpltCallback)
    HAL_TIM_PWM_Start_DMA                    0x08002859   Thumb Code   378  stm32f1xx_hal_tim.o(i.HAL_TIM_PWM_Start_DMA)
    HAL_TIM_PeriodElapsedCallback            0x080029ed   Thumb Code     2  stm32f1xx_hal_tim.o(i.HAL_TIM_PeriodElapsedCallback)
    HAL_TIM_TriggerCallback                  0x080029ef   Thumb Code     2  stm32f1xx_hal_tim.o(i.HAL_TIM_TriggerCallback)
    HAL_UARTEx_RxEventCallback               0x080029f1   Thumb Code     2  stm32f1xx_hal_uart.o(i.HAL_UARTEx_RxEventCallback)
    HAL_UART_DMAStop                         0x080029f3   Thumb Code   112  stm32f1xx_hal_uart.o(i.HAL_UART_DMAStop)
    HAL_UART_ErrorCallback                   0x08002a63   Thumb Code     2  stm32f1xx_hal_uart.o(i.HAL_UART_ErrorCallback)
    HAL_UART_IRQHandler                      0x08002a65   Thumb Code   616  stm32f1xx_hal_uart.o(i.HAL_UART_IRQHandler)
    HAL_UART_Init                            0x08002cd1   Thumb Code   100  stm32f1xx_hal_uart.o(i.HAL_UART_Init)
    HAL_UART_MspInit                         0x08002d35   Thumb Code   200  usart.o(i.HAL_UART_MspInit)
    HAL_UART_Receive_DMA                     0x08002e11   Thumb Code    28  stm32f1xx_hal_uart.o(i.HAL_UART_Receive_DMA)
    HAL_UART_RxCpltCallback                  0x08002e2d   Thumb Code     2  stm32f1xx_hal_uart.o(i.HAL_UART_RxCpltCallback)
    HAL_UART_RxHalfCpltCallback              0x08002e2f   Thumb Code     2  stm32f1xx_hal_uart.o(i.HAL_UART_RxHalfCpltCallback)
    HAL_UART_Transmit_DMA                    0x08002e31   Thumb Code   106  stm32f1xx_hal_uart.o(i.HAL_UART_Transmit_DMA)
    HAL_UART_TxCpltCallback                  0x08002ea9   Thumb Code     2  stm32f1xx_hal_uart.o(i.HAL_UART_TxCpltCallback)
    HAL_UART_TxHalfCpltCallback              0x08002eab   Thumb Code     2  stm32f1xx_hal_uart.o(i.HAL_UART_TxHalfCpltCallback)
    HardFault_Handler                        0x08002ead   Thumb Code     2  stm32f1xx_it.o(i.HardFault_Handler)
    MX_DMA_Init                              0x08002ee9   Thumb Code    72  dma.o(i.MX_DMA_Init)
    MX_GPIO_Init                             0x08002f35   Thumb Code   158  gpio.o(i.MX_GPIO_Init)
    MX_IWDG_Init                             0x08002fe1   Thumb Code    36  iwdg.o(i.MX_IWDG_Init)
    MX_IWDG_Reload                           0x0800300d   Thumb Code     6  iwdg.o(i.MX_IWDG_Reload)
    MX_SPI1_Init                             0x08003019   Thumb Code    64  spi.o(i.MX_SPI1_Init)
    MX_TIM2_Init                             0x08003061   Thumb Code   102  tim.o(i.MX_TIM2_Init)
    MX_USART1_UART_Init                      0x080030cd   Thumb Code    66  usart.o(i.MX_USART1_UART_Init)
    MX_USB_DEVICE_Init                       0x0800311d   Thumb Code    70  usb_device.o(i.MX_USB_DEVICE_Init)
    MemManage_Handler                        0x08003175   Thumb Code     2  stm32f1xx_it.o(i.MemManage_Handler)
    NMI_Handler                              0x08003177   Thumb Code     2  stm32f1xx_it.o(i.NMI_Handler)
    PendSV_Handler                           0x08003525   Thumb Code     2  stm32f1xx_it.o(i.PendSV_Handler)
    SVC_Handler                              0x08003601   Thumb Code     2  stm32f1xx_it.o(i.SVC_Handler)
    SysTick_Handler                          0x08003603   Thumb Code    14  stm32f1xx_it.o(i.SysTick_Handler)
    SystemClock_Config                       0x08003611   Thumb Code   128  main.o(i.SystemClock_Config)
    SystemInit                               0x08003691   Thumb Code     2  system_stm32f1xx.o(i.SystemInit)
    TIM2_IRQHandler                          0x08003695   Thumb Code     6  stm32f1xx_it.o(i.TIM2_IRQHandler)
    TIM_Base_SetConfig                       0x080036a1   Thumb Code    94  stm32f1xx_hal_tim.o(i.TIM_Base_SetConfig)
    TIM_CCxChannelCmd                        0x0800370d   Thumb Code    26  stm32f1xx_hal_tim.o(i.TIM_CCxChannelCmd)
    TIM_DMADelayPulseHalfCplt                0x08003785   Thumb Code    56  stm32f1xx_hal_tim.o(i.TIM_DMADelayPulseHalfCplt)
    TIM_DMAError                             0x080037bd   Thumb Code    84  stm32f1xx_hal_tim.o(i.TIM_DMAError)
    TIM_OC2_SetConfig                        0x08003861   Thumb Code    84  stm32f1xx_hal_tim.o(i.TIM_OC2_SetConfig)
    UART_RX_Task                             0x08003b09   Thumb Code    48  usart.o(i.UART_RX_Task)
    UART_Start_Receive_DMA                   0x08003cbd   Thumb Code   130  stm32f1xx_hal_uart.o(i.UART_Start_Receive_DMA)
    USART1_IRQHandler                        0x08003d4d   Thumb Code    76  stm32f1xx_it.o(i.USART1_IRQHandler)
    USBD_CDC_GetDeviceQualifierDescriptor    0x08003e81   Thumb Code     8  usbd_cdc.o(i.USBD_CDC_GetDeviceQualifierDescriptor)
    USBD_CDC_ReceivePacket                   0x08003f45   Thumb Code    40  usbd_cdc.o(i.USBD_CDC_ReceivePacket)
    USBD_CDC_RegisterInterface               0x08003f6d   Thumb Code    16  usbd_cdc.o(i.USBD_CDC_RegisterInterface)
    USBD_CDC_SetRxBuffer                     0x08003f7d   Thumb Code    12  usbd_cdc.o(i.USBD_CDC_SetRxBuffer)
    USBD_CDC_SetTxBuffer                     0x08003f89   Thumb Code    16  usbd_cdc.o(i.USBD_CDC_SetTxBuffer)
    USBD_CDC_TransmitPacket                  0x08004045   Thumb Code    54  usbd_cdc.o(i.USBD_CDC_TransmitPacket)
    USBD_ClrClassConfig                      0x0800407b   Thumb Code    14  usbd_core.o(i.USBD_ClrClassConfig)
    USBD_CtlContinueRx                       0x08004089   Thumb Code    16  usbd_ioreq.o(i.USBD_CtlContinueRx)
    USBD_CtlContinueSendData                 0x08004099   Thumb Code    16  usbd_ioreq.o(i.USBD_CtlContinueSendData)
    USBD_CtlError                            0x080040a9   Thumb Code    22  usbd_ctlreq.o(i.USBD_CtlError)
    USBD_CtlPrepareRx                        0x080040bf   Thumb Code    30  usbd_ioreq.o(i.USBD_CtlPrepareRx)
    USBD_CtlReceiveStatus                    0x080040dd   Thumb Code    22  usbd_ioreq.o(i.USBD_CtlReceiveStatus)
    USBD_CtlSendData                         0x080040f3   Thumb Code    26  usbd_ioreq.o(i.USBD_CtlSendData)
    USBD_CtlSendStatus                       0x0800410d   Thumb Code    22  usbd_ioreq.o(i.USBD_CtlSendStatus)
    USBD_FS_ConfigStrDescriptor              0x08004125   Thumb Code    16  usbd_desc.o(i.USBD_FS_ConfigStrDescriptor)
    USBD_FS_DeviceDescriptor                 0x08004145   Thumb Code     8  usbd_desc.o(i.USBD_FS_DeviceDescriptor)
    USBD_FS_InterfaceStrDescriptor           0x08004151   Thumb Code    16  usbd_desc.o(i.USBD_FS_InterfaceStrDescriptor)
    USBD_FS_LangIDStrDescriptor              0x08004175   Thumb Code     8  usbd_desc.o(i.USBD_FS_LangIDStrDescriptor)
    USBD_FS_ManufacturerStrDescriptor        0x08004181   Thumb Code    16  usbd_desc.o(i.USBD_FS_ManufacturerStrDescriptor)
    USBD_FS_ProductStrDescriptor             0x080041a9   Thumb Code    16  usbd_desc.o(i.USBD_FS_ProductStrDescriptor)
    USBD_FS_SerialStrDescriptor              0x080041d5   Thumb Code    48  usbd_desc.o(i.USBD_FS_SerialStrDescriptor)
    USBD_GetString                           0x080042f5   Thumb Code    72  usbd_ctlreq.o(i.USBD_GetString)
    USBD_Init                                0x08004355   Thumb Code    42  usbd_core.o(i.USBD_Init)
    USBD_LL_ClearStallEP                     0x0800437f   Thumb Code    18  usbd_conf.o(i.USBD_LL_ClearStallEP)
    USBD_LL_CloseEP                          0x08004391   Thumb Code    18  usbd_conf.o(i.USBD_LL_CloseEP)
    USBD_LL_DataInStage                      0x080043a3   Thumb Code   198  usbd_core.o(i.USBD_LL_DataInStage)
    USBD_LL_DataOutStage                     0x08004469   Thumb Code   130  usbd_core.o(i.USBD_LL_DataOutStage)
    USBD_LL_GetRxDataSize                    0x080044eb   Thumb Code     8  usbd_conf.o(i.USBD_LL_GetRxDataSize)
    USBD_LL_Init                             0x080044f5   Thumb Code   118  usbd_conf.o(i.USBD_LL_Init)
    USBD_LL_IsStallEP                        0x08004575   Thumb Code    32  usbd_conf.o(i.USBD_LL_IsStallEP)
    USBD_LL_OpenEP                           0x08004595   Thumb Code    24  usbd_conf.o(i.USBD_LL_OpenEP)
    USBD_LL_PrepareReceive                   0x080045ad   Thumb Code    18  usbd_conf.o(i.USBD_LL_PrepareReceive)
    USBD_LL_Reset                            0x080045bf   Thumb Code    80  usbd_core.o(i.USBD_LL_Reset)
    USBD_LL_Resume                           0x0800460f   Thumb Code    20  usbd_core.o(i.USBD_LL_Resume)
    USBD_LL_SOF                              0x08004623   Thumb Code    24  usbd_core.o(i.USBD_LL_SOF)
    USBD_LL_SetSpeed                         0x0800463b   Thumb Code     6  usbd_core.o(i.USBD_LL_SetSpeed)
    USBD_LL_SetUSBAddress                    0x08004641   Thumb Code    18  usbd_conf.o(i.USBD_LL_SetUSBAddress)
    USBD_LL_SetupStage                       0x08004653   Thumb Code    90  usbd_core.o(i.USBD_LL_SetupStage)
    USBD_LL_StallEP                          0x080046ad   Thumb Code    18  usbd_conf.o(i.USBD_LL_StallEP)
    USBD_LL_Start                            0x080046bf   Thumb Code    18  usbd_conf.o(i.USBD_LL_Start)
    USBD_LL_Suspend                          0x080046d1   Thumb Code    18  usbd_core.o(i.USBD_LL_Suspend)
    USBD_LL_Transmit                         0x080046e3   Thumb Code    18  usbd_conf.o(i.USBD_LL_Transmit)
    USBD_ParseSetupRequest                   0x080046f5   Thumb Code    40  usbd_ctlreq.o(i.USBD_ParseSetupRequest)
    USBD_RegisterClass                       0x0800471d   Thumb Code    16  usbd_core.o(i.USBD_RegisterClass)
    USBD_SetClassConfig                      0x0800472d   Thumb Code    22  usbd_core.o(i.USBD_SetClassConfig)
    USBD_Start                               0x080047c9   Thumb Code    10  usbd_core.o(i.USBD_Start)
    USBD_StdDevReq                           0x080047d3   Thumb Code   274  usbd_ctlreq.o(i.USBD_StdDevReq)
    USBD_StdEPReq                            0x080048e5   Thumb Code   336  usbd_ctlreq.o(i.USBD_StdEPReq)
    USBD_StdItfReq                           0x08004a35   Thumb Code    78  usbd_ctlreq.o(i.USBD_StdItfReq)
    USBD_static_free                         0x08004a83   Thumb Code     2  usbd_conf.o(i.USBD_static_free)
    USBD_static_malloc                       0x08004a85   Thumb Code     4  usbd_conf.o(i.USBD_static_malloc)
    USB_ActivateEndpoint                     0x08004a8d   Thumb Code   668  stm32f1xx_ll_usb.o(i.USB_ActivateEndpoint)
    USB_CoreInit                             0x08004d29   Thumb Code     4  stm32f1xx_ll_usb.o(i.USB_CoreInit)
    USB_DeactivateEndpoint                   0x08004d2d   Thumb Code   270  stm32f1xx_ll_usb.o(i.USB_DeactivateEndpoint)
    USB_DevConnect                           0x08004e3b   Thumb Code     4  stm32f1xx_ll_usb.o(i.USB_DevConnect)
    USB_DevDisconnect                        0x08004e3f   Thumb Code     4  stm32f1xx_ll_usb.o(i.USB_DevDisconnect)
    USB_DevInit                              0x08004e43   Thumb Code    18  stm32f1xx_ll_usb.o(i.USB_DevInit)
    USB_DisableGlobalInt                     0x08004e55   Thumb Code    14  stm32f1xx_ll_usb.o(i.USB_DisableGlobalInt)
    USB_EP0_OutStart                         0x08004ed5   Thumb Code     4  stm32f1xx_ll_usb.o(i.USB_EP0_OutStart)
    USB_EPClearStall                         0x08004ed9   Thumb Code   120  stm32f1xx_ll_usb.o(i.USB_EPClearStall)
    USB_EPSetStall                           0x08004f51   Thumb Code    50  stm32f1xx_ll_usb.o(i.USB_EPSetStall)
    USB_EPStartXfer                          0x08004f83   Thumb Code  1250  stm32f1xx_ll_usb.o(i.USB_EPStartXfer)
    USB_EnableGlobalInt                      0x08005465   Thumb Code    18  stm32f1xx_ll_usb.o(i.USB_EnableGlobalInt)
    USB_LP_CAN1_RX0_IRQHandler               0x08005479   Thumb Code     6  stm32f1xx_it.o(i.USB_LP_CAN1_RX0_IRQHandler)
    USB_ReadInterrupts                       0x08005485   Thumb Code     6  stm32f1xx_ll_usb.o(i.USB_ReadInterrupts)
    USB_ReadPMA                              0x0800548d   Thumb Code    44  stm32f1xx_ll_usb.o(i.USB_ReadPMA)
    USB_SetCurrentMode                       0x080054b9   Thumb Code     4  stm32f1xx_ll_usb.o(i.USB_SetCurrentMode)
    USB_SetDevAddress                        0x080054bd   Thumb Code    12  stm32f1xx_ll_usb.o(i.USB_SetDevAddress)
    USB_VCP_RX_Task                          0x080054c9   Thumb Code    40  usbd_cdc_if.o(i.USB_VCP_RX_Task)
    USB_VCP_RX_TimeOut                       0x080054f9   Thumb Code    50  usbd_cdc_if.o(i.USB_VCP_RX_TimeOut)
    USB_WritePMA                             0x08005531   Thumb Code    38  stm32f1xx_ll_usb.o(i.USB_WritePMA)
    UsageFault_Handler                       0x08005557   Thumb Code     2  stm32f1xx_it.o(i.UsageFault_Handler)
    WS28xx_DisplayTask                       0x08005559   Thumb Code   186  ws281x.o(i.WS28xx_DisplayTask)
    WS28xx_TypeStructInit                    0x0800561d   Thumb Code    36  ws281x.o(i.WS28xx_TypeStructInit)
    __GetPixelColor_RGB                      0x08005659   Thumb Code   116  ws281x.o(i.__GetPixelColor_RGB)
    __SetALLColor_RGB                        0x080056f1   Thumb Code    50  ws281x.o(i.__SetALLColor_RGB)
    __SetPixelColor_From_RGB_Buffer          0x08005729   Thumb Code    64  ws281x.o(i.__SetPixelColor_From_RGB_Buffer)
    __SetPixelColor_RGB                      0x0800576d   Thumb Code   174  ws281x.o(i.__SetPixelColor_RGB)
    __hsv2rgb                                0x08005825   Thumb Code   348  ws281x.o(i.__hsv2rgb)
    __rgb2hsv                                0x08005989   Thumb Code   310  ws281x.o(i.__rgb2hsv)
    __show                                   0x08005acd   Thumb Code    12  ws281x.o(i.__show)
    main                                     0x08005ae1   Thumb Code   110  main.o(i.main)
    mprintf                                  0x08005bcd   Thumb Code     2  board_mini_printf.o(i.mprintf)
    __aeabi_d2f                              0x08005bd1   Thumb Code     0  d2f.o(x$fpl$d2f)
    _d2f                                     0x08005bd1   Thumb Code    98  d2f.o(x$fpl$d2f)
    __aeabi_dadd                             0x08005c35   Thumb Code     0  daddsub_clz.o(x$fpl$dadd)
    _dadd                                    0x08005c35   Thumb Code   332  daddsub_clz.o(x$fpl$dadd)
    __aeabi_ddiv                             0x08005d85   Thumb Code     0  ddiv.o(x$fpl$ddiv)
    _ddiv                                    0x08005d85   Thumb Code   552  ddiv.o(x$fpl$ddiv)
    __aeabi_d2uiz                            0x08006035   Thumb Code     0  dfixu.o(x$fpl$dfixu)
    _dfixu                                   0x08006035   Thumb Code    90  dfixu.o(x$fpl$dfixu)
    __aeabi_i2d                              0x0800608f   Thumb Code     0  dflt_clz.o(x$fpl$dflt)
    _dflt                                    0x0800608f   Thumb Code    46  dflt_clz.o(x$fpl$dflt)
    __aeabi_ui2d                             0x080060bd   Thumb Code     0  dflt_clz.o(x$fpl$dfltu)
    _dfltu                                   0x080060bd   Thumb Code    38  dflt_clz.o(x$fpl$dfltu)
    __fpl_dnaninf                            0x080060e3   Thumb Code   156  dnaninf.o(x$fpl$dnaninf)
    __fpl_dretinf                            0x0800617f   Thumb Code    12  dretinf.o(x$fpl$dretinf)
    __aeabi_dsub                             0x0800618d   Thumb Code     0  daddsub_clz.o(x$fpl$dsub)
    _dsub                                    0x0800618d   Thumb Code   464  daddsub_clz.o(x$fpl$dsub)
    __aeabi_f2d                              0x08006361   Thumb Code     0  f2d.o(x$fpl$f2d)
    _f2d                                     0x08006361   Thumb Code    86  f2d.o(x$fpl$f2d)
    __aeabi_fadd                             0x080063b9   Thumb Code     0  faddsub_clz.o(x$fpl$fadd)
    _fadd                                    0x080063b9   Thumb Code   196  faddsub_clz.o(x$fpl$fadd)
    __fpl_fcmp_Inf                           0x0800647d   Thumb Code    24  fcmpi.o(x$fpl$fcmpinf)
    __aeabi_fdiv                             0x08006495   Thumb Code     0  fdiv.o(x$fpl$fdiv)
    _fdiv                                    0x08006495   Thumb Code   384  fdiv.o(x$fpl$fdiv)
    __aeabi_cfcmpeq                          0x08006619   Thumb Code     0  feqf.o(x$fpl$feqf)
    _fcmpeq                                  0x08006619   Thumb Code   104  feqf.o(x$fpl$feqf)
    __aeabi_f2iz                             0x08006681   Thumb Code     0  ffix.o(x$fpl$ffix)
    _ffix                                    0x08006681   Thumb Code    54  ffix.o(x$fpl$ffix)
    __aeabi_f2uiz                            0x080066b9   Thumb Code     0  ffixu.o(x$fpl$ffixu)
    _ffixu                                   0x080066b9   Thumb Code    62  ffixu.o(x$fpl$ffixu)
    __aeabi_ui2f                             0x080066f9   Thumb Code     0  fflt_clz.o(x$fpl$ffltu)
    _ffltu                                   0x080066f9   Thumb Code    38  fflt_clz.o(x$fpl$ffltu)
    __aeabi_cfcmple                          0x08006721   Thumb Code     0  fleqf.o(x$fpl$fleqf)
    _fcmple                                  0x08006721   Thumb Code   104  fleqf.o(x$fpl$fleqf)
    __fpl_fcmple_InfNaN                      0x08006773   Thumb Code     0  fleqf.o(x$fpl$fleqf)
    __aeabi_fmul                             0x08006789   Thumb Code     0  fmul.o(x$fpl$fmul)
    _fmul                                    0x08006789   Thumb Code   258  fmul.o(x$fpl$fmul)
    __fpl_fnaninf                            0x0800688b   Thumb Code   140  fnaninf.o(x$fpl$fnaninf)
    __fpl_fretinf                            0x08006917   Thumb Code    10  fretinf.o(x$fpl$fretinf)
    __aeabi_cfrcmple                         0x08006921   Thumb Code     0  frleqf.o(x$fpl$frleqf)
    _frcmple                                 0x08006921   Thumb Code    98  frleqf.o(x$fpl$frleqf)
    __aeabi_frsub                            0x08006983   Thumb Code     0  faddsub_clz.o(x$fpl$frsb)
    _frsb                                    0x08006983   Thumb Code    20  faddsub_clz.o(x$fpl$frsb)
    __aeabi_fsub                             0x08006999   Thumb Code     0  faddsub_clz.o(x$fpl$fsub)
    _fsub                                    0x08006999   Thumb Code   234  faddsub_clz.o(x$fpl$fsub)
    __I$use$fp                               0x08006a82   Number         0  usenofp.o(x$fpl$usenofp)
    AHBPrescTable                            0x08006a94   Data          16  system_stm32f1xx.o(.constdata)
    APBPrescTable                            0x08006aa4   Data           8  system_stm32f1xx.o(.constdata)
    Ebyte_RF                                 0x08006aac   Data          36  ebyte_core.o(.constdata)
    Region$$Table$$Base                      0x08006ad0   Number         0  anon$$obj.o(Region$$Table)
    Region$$Table$$Limit                     0x08006af0   Number         0  anon$$obj.o(Region$$Table)
    FS_Desc                                  0x20000004   Data          28  usbd_desc.o(.data)
    USBD_LangIDDesc                          0x20000020   Data           4  usbd_desc.o(.data)
    USBD_FS_DeviceDesc                       0x20000024   Data          18  usbd_desc.o(.data)
    USBD_StringSerial                        0x20000038   Data          26  usbd_desc.o(.data)
    USBD_Interface_fops_FS                   0x20000054   Data          16  usbd_cdc_if.o(.data)
    uwTickFreq                               0x20000064   Data           1  stm32f1xx_hal.o(.data)
    uwTickPrio                               0x20000068   Data           4  stm32f1xx_hal.o(.data)
    uwTick                                   0x2000006c   Data           4  stm32f1xx_hal.o(.data)
    SystemCoreClock                          0x20000070   Data           4  system_stm32f1xx.o(.data)
    USBD_CDC_CfgHSDesc                       0x20000084   Data          67  usbd_cdc.o(.data)
    USBD_CDC_CfgFSDesc                       0x200000c8   Data          67  usbd_cdc.o(.data)
    USBD_CDC_OtherSpeedCfgDesc               0x2000010c   Data          67  usbd_cdc.o(.data)
    USBD_CDC                                 0x20000150   Data          56  usbd_cdc.o(.data)
    WS28xx                                   0x20000198   Data         148  ws281x.o(.bss)
    DisCmdQueue                              0x2000022c   Data          24  ws281x.o(.bss)
    hfifo                                    0x20000244   Data          76  main.o(.bss)
    hspi1                                    0x20000290   Data          88  spi.o(.bss)
    htim2                                    0x200002e8   Data          72  tim.o(.bss)
    hdma_tim2_ch2_ch4                        0x20000330   Data          68  tim.o(.bss)
    huart1                                   0x20000374   Data          72  usart.o(.bss)
    hdma_usart1_rx                           0x200003bc   Data          68  usart.o(.bss)
    hdma_usart1_tx                           0x20000400   Data          68  usart.o(.bss)
    user_param_uart                          0x20000444   Data         516  usart.o(.bss)
    hiwdg                                    0x20000648   Data          12  iwdg.o(.bss)
    hUsbDeviceFS                             0x20000654   Data         708  usb_device.o(.bss)
    USBD_StrDesc                             0x20000918   Data         512  usbd_desc.o(.bss)
    UsbVcpParam                              0x20000b18   Data         284  usbd_cdc_if.o(.bss)
    UserRxBufferFS                           0x20000c34   Data        1000  usbd_cdc_if.o(.bss)
    UserTxBufferFS                           0x2000101c   Data        1000  usbd_cdc_if.o(.bss)
    hpcd_USB_FS                              0x20001624   Data         752  usbd_conf.o(.bss)
    BSP_BTN_FIFO                             0x20001914   Data          19  board.o(.bss)
    __libspace_start                         0x20001a28   Data          96  libspace.o(.bss)
    __temporary_stack_top$libspace           0x20001a88   Data           0  libspace.o(.bss)



==============================================================================

Memory Map of the image

  Image Entry point : 0x080000ed

  Load Region LR_IROM1 (Base: 0x08000000, Size: 0x00006c88, Max: 0x00010000, ABSOLUTE, COMPRESSED[0x00006bbc])

    Execution Region ER_IROM1 (Exec base: 0x08000000, Load base: 0x08000000, Size: 0x00006af0, Max: 0x00010000, ABSOLUTE)

    Exec Addr    Load Addr    Size         Type   Attr      Idx    E Section Name        Object

    0x08000000   0x08000000   0x000000ec   Data   RO            3    RESET               startup_stm32f103xb.o
    0x080000ec   0x080000ec   0x00000008   Code   RO         5128  * !!!main             c_w.l(__main.o)
    0x080000f4   0x080000f4   0x00000034   Code   RO         5356    !!!scatter          c_w.l(__scatter.o)
    0x08000128   0x08000128   0x0000005a   Code   RO         5354    !!dczerorl2         c_w.l(__dczerorl2.o)
    0x08000182   0x08000182   0x00000002   PAD
    0x08000184   0x08000184   0x0000001c   Code   RO         5358    !!handler_zi        c_w.l(__scatter_zi.o)
    0x080001a0   0x080001a0   0x00000002   Code   RO         5222    .ARM.Collect$$libinit$$00000000  c_w.l(libinit.o)
    0x080001a2   0x080001a2   0x00000000   Code   RO         5229    .ARM.Collect$$libinit$$00000002  c_w.l(libinit2.o)
    0x080001a2   0x080001a2   0x00000000   Code   RO         5231    .ARM.Collect$$libinit$$00000004  c_w.l(libinit2.o)
    0x080001a2   0x080001a2   0x00000000   Code   RO         5234    .ARM.Collect$$libinit$$0000000A  c_w.l(libinit2.o)
    0x080001a2   0x080001a2   0x00000000   Code   RO         5236    .ARM.Collect$$libinit$$0000000C  c_w.l(libinit2.o)
    0x080001a2   0x080001a2   0x00000000   Code   RO         5238    .ARM.Collect$$libinit$$0000000E  c_w.l(libinit2.o)
    0x080001a2   0x080001a2   0x00000000   Code   RO         5241    .ARM.Collect$$libinit$$00000011  c_w.l(libinit2.o)
    0x080001a2   0x080001a2   0x00000000   Code   RO         5243    .ARM.Collect$$libinit$$00000013  c_w.l(libinit2.o)
    0x080001a2   0x080001a2   0x00000000   Code   RO         5245    .ARM.Collect$$libinit$$00000015  c_w.l(libinit2.o)
    0x080001a2   0x080001a2   0x00000000   Code   RO         5247    .ARM.Collect$$libinit$$00000017  c_w.l(libinit2.o)
    0x080001a2   0x080001a2   0x00000000   Code   RO         5249    .ARM.Collect$$libinit$$00000019  c_w.l(libinit2.o)
    0x080001a2   0x080001a2   0x00000000   Code   RO         5251    .ARM.Collect$$libinit$$0000001B  c_w.l(libinit2.o)
    0x080001a2   0x080001a2   0x00000000   Code   RO         5253    .ARM.Collect$$libinit$$0000001D  c_w.l(libinit2.o)
    0x080001a2   0x080001a2   0x00000000   Code   RO         5255    .ARM.Collect$$libinit$$0000001F  c_w.l(libinit2.o)
    0x080001a2   0x080001a2   0x00000000   Code   RO         5257    .ARM.Collect$$libinit$$00000021  c_w.l(libinit2.o)
    0x080001a2   0x080001a2   0x00000000   Code   RO         5259    .ARM.Collect$$libinit$$00000023  c_w.l(libinit2.o)
    0x080001a2   0x080001a2   0x00000000   Code   RO         5261    .ARM.Collect$$libinit$$00000025  c_w.l(libinit2.o)
    0x080001a2   0x080001a2   0x00000000   Code   RO         5265    .ARM.Collect$$libinit$$0000002C  c_w.l(libinit2.o)
    0x080001a2   0x080001a2   0x00000000   Code   RO         5267    .ARM.Collect$$libinit$$0000002E  c_w.l(libinit2.o)
    0x080001a2   0x080001a2   0x00000000   Code   RO         5269    .ARM.Collect$$libinit$$00000030  c_w.l(libinit2.o)
    0x080001a2   0x080001a2   0x00000000   Code   RO         5271    .ARM.Collect$$libinit$$00000032  c_w.l(libinit2.o)
    0x080001a2   0x080001a2   0x00000002   Code   RO         5272    .ARM.Collect$$libinit$$00000033  c_w.l(libinit2.o)
    0x080001a4   0x080001a4   0x00000002   Code   RO         5292    .ARM.Collect$$libshutdown$$00000000  c_w.l(libshutdown.o)
    0x080001a6   0x080001a6   0x00000000   Code   RO         5305    .ARM.Collect$$libshutdown$$00000002  c_w.l(libshutdown2.o)
    0x080001a6   0x080001a6   0x00000000   Code   RO         5307    .ARM.Collect$$libshutdown$$00000004  c_w.l(libshutdown2.o)
    0x080001a6   0x080001a6   0x00000000   Code   RO         5309    .ARM.Collect$$libshutdown$$00000006  c_w.l(libshutdown2.o)
    0x080001a6   0x080001a6   0x00000000   Code   RO         5312    .ARM.Collect$$libshutdown$$00000009  c_w.l(libshutdown2.o)
    0x080001a6   0x080001a6   0x00000000   Code   RO         5315    .ARM.Collect$$libshutdown$$0000000C  c_w.l(libshutdown2.o)
    0x080001a6   0x080001a6   0x00000000   Code   RO         5317    .ARM.Collect$$libshutdown$$0000000E  c_w.l(libshutdown2.o)
    0x080001a6   0x080001a6   0x00000000   Code   RO         5320    .ARM.Collect$$libshutdown$$00000011  c_w.l(libshutdown2.o)
    0x080001a6   0x080001a6   0x00000002   Code   RO         5321    .ARM.Collect$$libshutdown$$00000012  c_w.l(libshutdown2.o)
    0x080001a8   0x080001a8   0x00000000   Code   RO         5186    .ARM.Collect$$rtentry$$00000000  c_w.l(__rtentry.o)
    0x080001a8   0x080001a8   0x00000000   Code   RO         5199    .ARM.Collect$$rtentry$$00000002  c_w.l(__rtentry2.o)
    0x080001a8   0x080001a8   0x00000006   Code   RO         5211    .ARM.Collect$$rtentry$$00000004  c_w.l(__rtentry4.o)
    0x080001ae   0x080001ae   0x00000000   Code   RO         5201    .ARM.Collect$$rtentry$$00000009  c_w.l(__rtentry2.o)
    0x080001ae   0x080001ae   0x00000004   Code   RO         5202    .ARM.Collect$$rtentry$$0000000A  c_w.l(__rtentry2.o)
    0x080001b2   0x080001b2   0x00000000   Code   RO         5204    .ARM.Collect$$rtentry$$0000000C  c_w.l(__rtentry2.o)
    0x080001b2   0x080001b2   0x00000008   Code   RO         5205    .ARM.Collect$$rtentry$$0000000D  c_w.l(__rtentry2.o)
    0x080001ba   0x080001ba   0x00000002   Code   RO         5226    .ARM.Collect$$rtexit$$00000000  c_w.l(rtexit.o)
    0x080001bc   0x080001bc   0x00000000   Code   RO         5274    .ARM.Collect$$rtexit$$00000002  c_w.l(rtexit2.o)
    0x080001bc   0x080001bc   0x00000004   Code   RO         5275    .ARM.Collect$$rtexit$$00000003  c_w.l(rtexit2.o)
    0x080001c0   0x080001c0   0x00000006   Code   RO         5276    .ARM.Collect$$rtexit$$00000004  c_w.l(rtexit2.o)
    0x080001c6   0x080001c6   0x00000002   PAD
    0x080001c8   0x080001c8   0x00000040   Code   RO            4    .text               startup_stm32f103xb.o
    0x08000208   0x08000208   0x0000008a   Code   RO         5118    .text               c_w.l(rt_memcpy_v6.o)
    0x08000292   0x08000292   0x00000064   Code   RO         5120    .text               c_w.l(rt_memcpy_w.o)
    0x080002f6   0x080002f6   0x00000044   Code   RO         5122    .text               c_w.l(rt_memclr.o)
    0x0800033a   0x0800033a   0x0000004e   Code   RO         5124    .text               c_w.l(rt_memclr_w.o)
    0x08000388   0x08000388   0x00000006   Code   RO         5126    .text               c_w.l(heapauxi.o)
    0x0800038e   0x0800038e   0x0000004a   Code   RO         5213    .text               c_w.l(sys_stackheap_outer.o)
    0x080003d8   0x080003d8   0x00000012   Code   RO         5215    .text               c_w.l(exit.o)
    0x080003ea   0x080003ea   0x00000002   PAD
    0x080003ec   0x080003ec   0x00000008   Code   RO         5223    .text               c_w.l(libspace.o)
    0x080003f4   0x080003f4   0x0000000c   Code   RO         5284    .text               c_w.l(sys_exit.o)
    0x08000400   0x08000400   0x00000002   Code   RO         5295    .text               c_w.l(use_no_semi.o)
    0x08000402   0x08000402   0x00000000   Code   RO         5297    .text               c_w.l(indicate_semi.o)
    0x08000402   0x08000402   0x00000002   Code   RO          522    i.BusFault_Handler  stm32f1xx_it.o
    0x08000404   0x08000404   0x00000004   Code   RO          816    i.CDC_Control_FS    usbd_cdc_if.o
    0x08000408   0x08000408   0x00000004   Code   RO          817    i.CDC_DeInit_FS     usbd_cdc_if.o
    0x0800040c   0x0800040c   0x00000024   Code   RO          818    i.CDC_Init_FS       usbd_cdc_if.o
    0x08000430   0x08000430   0x000000a4   Code   RO          819    i.CDC_Receive_FS    usbd_cdc_if.o
    0x080004d4   0x080004d4   0x0000002c   Code   RO          820    i.CDC_Transmit_FS   usbd_cdc_if.o
    0x08000500   0x08000500   0x0000000c   Code   RO          523    i.DMA1_Channel4_IRQHandler  stm32f1xx_it.o
    0x0800050c   0x0800050c   0x00000034   Code   RO          524    i.DMA1_Channel5_IRQHandler  stm32f1xx_it.o
    0x08000540   0x08000540   0x0000000c   Code   RO          525    i.DMA1_Channel7_IRQHandler  stm32f1xx_it.o
    0x0800054c   0x0800054c   0x0000002a   Code   RO         1973    i.DMA_SetConfig     stm32f1xx_hal_dma.o
    0x08000576   0x08000576   0x00000002   Code   RO          526    i.DebugMon_Handler  stm32f1xx_it.o
    0x08000578   0x08000578   0x00000038   Code   RO           13    i.Dis_Cmd_InQueue   ws281x.o
    0x080005b0   0x080005b0   0x0000001a   Code   RO           14    i.Dis_Cmd_InitQueue  ws281x.o
    0x080005ca   0x080005ca   0x00000032   Code   RO           15    i.Dis_Cmd_OutQueue  ws281x.o
    0x080005fc   0x080005fc   0x00000026   Code   RO         4887    i.E32X_SetAntenna   ebyte_e32x.o
    0x08000622   0x08000622   0x00000014   Code   RO         4888    i.E32x_ClearIRQ     ebyte_e32x.o
    0x08000636   0x08000636   0x00000004   Code   RO         4889    i.E32x_GetDriverVersion  ebyte_e32x.o
    0x0800063a   0x0800063a   0x00000006   Code   RO         4890    i.E32x_GetIRQ       ebyte_e32x.o
    0x08000640   0x08000640   0x00000008   Code   RO         4891    i.E32x_GetName      ebyte_e32x.o
    0x08000648   0x08000648   0x00000010   Code   RO         4892    i.E32x_GetRegister  ebyte_e32x.o
    0x08000658   0x08000658   0x00000034   Code   RO         4893    i.E32x_GetRegisters  ebyte_e32x.o
    0x0800068c   0x0800068c   0x0000000c   Code   RO         4894    i.E32x_GetStatus    ebyte_e32x.o
    0x08000698   0x08000698   0x00000036   Code   RO         4895    i.E32x_GoReceive    ebyte_e32x.o
    0x080006ce   0x080006ce   0x0000000a   Code   RO         4896    i.E32x_GoSleep      ebyte_e32x.o
    0x080006d8   0x080006d8   0x00000078   Code   RO         4897    i.E32x_GoTransmit   ebyte_e32x.o
    0x08000750   0x08000750   0x00000058   Code   RO         4898    i.E32x_Init         ebyte_e32x.o
    0x080007a8   0x080007a8   0x00000014   Code   RO         4899    i.E32x_IsExist      ebyte_e32x.o
    0x080007bc   0x080007bc   0x00000018   Code   RO         4901    i.E32x_SetGPIO      ebyte_e32x.o
    0x080007d4   0x080007d4   0x0000000a   Code   RO         4902    i.E32x_SetIRQ       ebyte_e32x.o
    0x080007de   0x080007de   0x00000002   PAD
    0x080007e0   0x080007e0   0x00000170   Code   RO         4903    i.E32x_SetLoRaInit  ebyte_e32x.o
    0x08000950   0x08000950   0x00000024   Code   RO         4904    i.E32x_SetReceive   ebyte_e32x.o
    0x08000974   0x08000974   0x0000000c   Code   RO         4905    i.E32x_SetRegister  ebyte_e32x.o
    0x08000980   0x08000980   0x00000032   Code   RO         4906    i.E32x_SetRegisters  ebyte_e32x.o
    0x080009b2   0x080009b2   0x00000002   PAD
    0x080009b4   0x080009b4   0x00000020   Code   RO         4907    i.E32x_SetSleep     ebyte_e32x.o
    0x080009d4   0x080009d4   0x00000024   Code   RO         4908    i.E32x_SetStby      ebyte_e32x.o
    0x080009f8   0x080009f8   0x00000024   Code   RO         4909    i.E32x_SetTransmit  ebyte_e32x.o
    0x08000a1c   0x08000a1c   0x00000002   Code   RO         4910    i.E32x_TaskForIRQ   ebyte_e32x.o
    0x08000a1e   0x08000a1e   0x00000002   PAD
    0x08000a20   0x08000a20   0x0000004c   Code   RO         4911    i.E32x_TaskForPoll  ebyte_e32x.o
    0x08000a6c   0x08000a6c   0x0000000c   Code   RO         4736    i.Ebyte_BSP_Init    board.o
    0x08000a78   0x08000a78   0x0000000a   Code   RO         4790    i.Ebyte_BTN_FIFO_Init  board_button.o
    0x08000a82   0x08000a82   0x00000016   Code   RO         4667    i.Ebyte_FIFO_Init   ebyte_kfifo.o
    0x08000a98   0x08000a98   0x00000004   Code   RO         5045    i.Ebyte_Port_DelayMs  ebyte_port.o
    0x08000a9c   0x08000a9c   0x00000030   Code   RO         4853    i.Ebyte_Port_ReceiveCallback  ebyte_callback.o
    0x08000acc   0x08000acc   0x00000018   Code   RO         5047    i.Ebyte_Port_RstIoControl  ebyte_port.o
    0x08000ae4   0x08000ae4   0x00000018   Code   RO         5048    i.Ebyte_Port_RxenIoControl  ebyte_port.o
    0x08000afc   0x08000afc   0x00000018   Code   RO         5049    i.Ebyte_Port_SpiCsIoControl  ebyte_port.o
    0x08000b14   0x08000b14   0x00000024   Code   RO         5050    i.Ebyte_Port_SpiTransmitAndReceivce  ebyte_port.o
    0x08000b38   0x08000b38   0x00000014   Code   RO         4854    i.Ebyte_Port_TransmitCallback  ebyte_callback.o
    0x08000b4c   0x08000b4c   0x00000018   Code   RO         5051    i.Ebyte_Port_TxenIoControl  ebyte_port.o
    0x08000b64   0x08000b64   0x00000004   Code   RO          217    i.Error_Handler     main.o
    0x08000b68   0x08000b68   0x00000046   Code   RO         1974    i.HAL_DMA_Abort     stm32f1xx_hal_dma.o
    0x08000bae   0x08000bae   0x00000002   PAD
    0x08000bb0   0x08000bb0   0x00000098   Code   RO         1975    i.HAL_DMA_Abort_IT  stm32f1xx_hal_dma.o
    0x08000c48   0x08000c48   0x00000154   Code   RO         1979    i.HAL_DMA_IRQHandler  stm32f1xx_hal_dma.o
    0x08000d9c   0x08000d9c   0x0000005c   Code   RO         1980    i.HAL_DMA_Init      stm32f1xx_hal_dma.o
    0x08000df8   0x08000df8   0x00000070   Code   RO         1984    i.HAL_DMA_Start_IT  stm32f1xx_hal_dma.o
    0x08000e68   0x08000e68   0x00000024   Code   RO         1600    i.HAL_Delay         stm32f1xx_hal.o
    0x08000e8c   0x08000e8c   0x000001e0   Code   RO         1910    i.HAL_GPIO_Init     stm32f1xx_hal_gpio.o
    0x0800106c   0x0800106c   0x0000000a   Code   RO         1914    i.HAL_GPIO_WritePin  stm32f1xx_hal_gpio.o
    0x08001076   0x08001076   0x00000002   PAD
    0x08001078   0x08001078   0x0000000c   Code   RO         1604    i.HAL_GetTick       stm32f1xx_hal.o
    0x08001084   0x08001084   0x0000005a   Code   RO         4228    i.HAL_IWDG_Init     stm32f1xx_hal_iwdg.o
    0x080010de   0x080010de   0x0000000c   Code   RO         4229    i.HAL_IWDG_Refresh  stm32f1xx_hal_iwdg.o
    0x080010ea   0x080010ea   0x00000002   PAD
    0x080010ec   0x080010ec   0x00000010   Code   RO         1610    i.HAL_IncTick       stm32f1xx_hal.o
    0x080010fc   0x080010fc   0x00000024   Code   RO         1611    i.HAL_Init          stm32f1xx_hal.o
    0x08001120   0x08001120   0x00000040   Code   RO         1612    i.HAL_InitTick      stm32f1xx_hal.o
    0x08001160   0x08001160   0x0000003c   Code   RO          634    i.HAL_MspInit       stm32f1xx_hal_msp.o
    0x0800119c   0x0800119c   0x0000001a   Code   RO         2070    i.HAL_NVIC_EnableIRQ  stm32f1xx_hal_cortex.o
    0x080011b6   0x080011b6   0x00000002   PAD
    0x080011b8   0x080011b8   0x00000040   Code   RO         2076    i.HAL_NVIC_SetPriority  stm32f1xx_hal_cortex.o
    0x080011f8   0x080011f8   0x00000024   Code   RO         2077    i.HAL_NVIC_SetPriorityGrouping  stm32f1xx_hal_cortex.o
    0x0800121c   0x0800121c   0x0000003c   Code   RO         1367    i.HAL_PCDEx_PMAConfig  stm32f1xx_hal_pcd_ex.o
    0x08001258   0x08001258   0x00000002   Code   RO          880    i.HAL_PCDEx_SetConnectionState  usbd_conf.o
    0x0800125a   0x0800125a   0x00000012   Code   RO          882    i.HAL_PCD_DataInStageCallback  usbd_conf.o
    0x0800126c   0x0800126c   0x00000014   Code   RO          883    i.HAL_PCD_DataOutStageCallback  usbd_conf.o
    0x08001280   0x08001280   0x0000004c   Code   RO         1138    i.HAL_PCD_EP_Close  stm32f1xx_hal_pcd.o
    0x080012cc   0x080012cc   0x0000005c   Code   RO         1139    i.HAL_PCD_EP_ClrStall  stm32f1xx_hal_pcd.o
    0x08001328   0x08001328   0x000000e6   Code   RO         1140    i.HAL_PCD_EP_DB_Receive  stm32f1xx_hal_pcd.o
    0x0800140e   0x0800140e   0x00000338   Code   RO         1141    i.HAL_PCD_EP_DB_Transmit  stm32f1xx_hal_pcd.o
    0x08001746   0x08001746   0x00000012   Code   RO         1143    i.HAL_PCD_EP_GetRxCount  stm32f1xx_hal_pcd.o
    0x08001758   0x08001758   0x0000005a   Code   RO         1144    i.HAL_PCD_EP_Open   stm32f1xx_hal_pcd.o
    0x080017b2   0x080017b2   0x0000002e   Code   RO         1145    i.HAL_PCD_EP_Receive  stm32f1xx_hal_pcd.o
    0x080017e0   0x080017e0   0x00000072   Code   RO         1146    i.HAL_PCD_EP_SetStall  stm32f1xx_hal_pcd.o
    0x08001852   0x08001852   0x00000030   Code   RO         1147    i.HAL_PCD_EP_Transmit  stm32f1xx_hal_pcd.o
    0x08001882   0x08001882   0x00000002   PAD
    0x08001884   0x08001884   0x00000134   Code   RO         1149    i.HAL_PCD_IRQHandler  stm32f1xx_hal_pcd.o
    0x080019b8   0x080019b8   0x000000da   Code   RO         1152    i.HAL_PCD_Init      stm32f1xx_hal_pcd.o
    0x08001a92   0x08001a92   0x00000002   PAD
    0x08001a94   0x08001a94   0x0000003c   Code   RO          888    i.HAL_PCD_MspInit   usbd_conf.o
    0x08001ad0   0x08001ad0   0x00000026   Code   RO          889    i.HAL_PCD_ResetCallback  usbd_conf.o
    0x08001af6   0x08001af6   0x00000008   Code   RO          890    i.HAL_PCD_ResumeCallback  usbd_conf.o
    0x08001afe   0x08001afe   0x00000008   Code   RO          891    i.HAL_PCD_SOFCallback  usbd_conf.o
    0x08001b06   0x08001b06   0x00000028   Code   RO         1158    i.HAL_PCD_SetAddress  stm32f1xx_hal_pcd.o
    0x08001b2e   0x08001b2e   0x0000000e   Code   RO          892    i.HAL_PCD_SetupStageCallback  usbd_conf.o
    0x08001b3c   0x08001b3c   0x00000032   Code   RO         1160    i.HAL_PCD_Start     stm32f1xx_hal_pcd.o
    0x08001b6e   0x08001b6e   0x00000002   PAD
    0x08001b70   0x08001b70   0x00000024   Code   RO          893    i.HAL_PCD_SuspendCallback  usbd_conf.o
    0x08001b94   0x08001b94   0x000000ec   Code   RO         1872    i.HAL_RCCEx_PeriphCLKConfig  stm32f1xx_hal_rcc_ex.o
    0x08001c80   0x08001c80   0x0000012c   Code   RO         1768    i.HAL_RCC_ClockConfig  stm32f1xx_hal_rcc.o
    0x08001dac   0x08001dac   0x00000020   Code   RO         1775    i.HAL_RCC_GetPCLK1Freq  stm32f1xx_hal_rcc.o
    0x08001dcc   0x08001dcc   0x00000020   Code   RO         1776    i.HAL_RCC_GetPCLK2Freq  stm32f1xx_hal_rcc.o
    0x08001dec   0x08001dec   0x00000054   Code   RO         1777    i.HAL_RCC_GetSysClockFreq  stm32f1xx_hal_rcc.o
    0x08001e40   0x08001e40   0x00000320   Code   RO         1780    i.HAL_RCC_OscConfig  stm32f1xx_hal_rcc.o
    0x08002160   0x08002160   0x000000b2   Code   RO         2581    i.HAL_SPI_Init      stm32f1xx_hal_spi.o
    0x08002212   0x08002212   0x00000002   PAD
    0x08002214   0x08002214   0x00000070   Code   RO          385    i.HAL_SPI_MspInit   spi.o
    0x08002284   0x08002284   0x000001ee   Code   RO         2590    i.HAL_SPI_TransmitReceive  stm32f1xx_hal_spi.o
    0x08002472   0x08002472   0x00000028   Code   RO         2081    i.HAL_SYSTICK_Config  stm32f1xx_hal_cortex.o
    0x0800249a   0x0800249a   0x00000002   Code   RO         3598    i.HAL_TIMEx_BreakCallback  stm32f1xx_hal_tim_ex.o
    0x0800249c   0x0800249c   0x00000002   Code   RO         3599    i.HAL_TIMEx_CommutCallback  stm32f1xx_hal_tim_ex.o
    0x0800249e   0x0800249e   0x00000002   PAD
    0x080024a0   0x080024a0   0x00000068   Code   RO         3617    i.HAL_TIMEx_MasterConfigSynchronization  stm32f1xx_hal_tim_ex.o
    0x08002508   0x08002508   0x00000002   Code   RO         2924    i.HAL_TIM_ErrorCallback  stm32f1xx_hal_tim.o
    0x0800250a   0x0800250a   0x00000002   Code   RO         2928    i.HAL_TIM_IC_CaptureCallback  stm32f1xx_hal_tim.o
    0x0800250c   0x0800250c   0x00000166   Code   RO         2942    i.HAL_TIM_IRQHandler  stm32f1xx_hal_tim.o
    0x08002672   0x08002672   0x00000002   PAD
    0x08002674   0x08002674   0x00000048   Code   RO          426    i.HAL_TIM_MspPostInit  tim.o
    0x080026bc   0x080026bc   0x00000002   Code   RO         2945    i.HAL_TIM_OC_DelayElapsedCallback  stm32f1xx_hal_tim.o
    0x080026be   0x080026be   0x000000cc   Code   RO         2966    i.HAL_TIM_PWM_ConfigChannel  stm32f1xx_hal_tim.o
    0x0800278a   0x0800278a   0x0000005a   Code   RO         2969    i.HAL_TIM_PWM_Init  stm32f1xx_hal_tim.o
    0x080027e4   0x080027e4   0x00000070   Code   RO          428    i.HAL_TIM_PWM_MspInit  tim.o
    0x08002854   0x08002854   0x00000002   Code   RO         2972    i.HAL_TIM_PWM_PulseFinishedCallback  stm32f1xx_hal_tim.o
    0x08002856   0x08002856   0x00000002   Code   RO         2973    i.HAL_TIM_PWM_PulseFinishedHalfCpltCallback  stm32f1xx_hal_tim.o
    0x08002858   0x08002858   0x00000194   Code   RO         2975    i.HAL_TIM_PWM_Start_DMA  stm32f1xx_hal_tim.o
    0x080029ec   0x080029ec   0x00000002   Code   RO         2980    i.HAL_TIM_PeriodElapsedCallback  stm32f1xx_hal_tim.o
    0x080029ee   0x080029ee   0x00000002   Code   RO         2985    i.HAL_TIM_TriggerCallback  stm32f1xx_hal_tim.o
    0x080029f0   0x080029f0   0x00000002   Code   RO         3877    i.HAL_UARTEx_RxEventCallback  stm32f1xx_hal_uart.o
    0x080029f2   0x080029f2   0x00000070   Code   RO         3889    i.HAL_UART_DMAStop  stm32f1xx_hal_uart.o
    0x08002a62   0x08002a62   0x00000002   Code   RO         3891    i.HAL_UART_ErrorCallback  stm32f1xx_hal_uart.o
    0x08002a64   0x08002a64   0x0000026c   Code   RO         3894    i.HAL_UART_IRQHandler  stm32f1xx_hal_uart.o
    0x08002cd0   0x08002cd0   0x00000064   Code   RO         3895    i.HAL_UART_Init     stm32f1xx_hal_uart.o
    0x08002d34   0x08002d34   0x000000dc   Code   RO          475    i.HAL_UART_MspInit  usart.o
    0x08002e10   0x08002e10   0x0000001c   Code   RO         3899    i.HAL_UART_Receive_DMA  stm32f1xx_hal_uart.o
    0x08002e2c   0x08002e2c   0x00000002   Code   RO         3901    i.HAL_UART_RxCpltCallback  stm32f1xx_hal_uart.o
    0x08002e2e   0x08002e2e   0x00000002   Code   RO         3902    i.HAL_UART_RxHalfCpltCallback  stm32f1xx_hal_uart.o
    0x08002e30   0x08002e30   0x00000078   Code   RO         3904    i.HAL_UART_Transmit_DMA  stm32f1xx_hal_uart.o
    0x08002ea8   0x08002ea8   0x00000002   Code   RO         3906    i.HAL_UART_TxCpltCallback  stm32f1xx_hal_uart.o
    0x08002eaa   0x08002eaa   0x00000002   Code   RO         3907    i.HAL_UART_TxHalfCpltCallback  stm32f1xx_hal_uart.o
    0x08002eac   0x08002eac   0x00000002   Code   RO          527    i.HardFault_Handler  stm32f1xx_it.o
    0x08002eae   0x08002eae   0x00000002   PAD
    0x08002eb0   0x08002eb0   0x00000038   Code   RO          730    i.IntToUnicode      usbd_desc.o
    0x08002ee8   0x08002ee8   0x0000004c   Code   RO          360    i.MX_DMA_Init       dma.o
    0x08002f34   0x08002f34   0x000000ac   Code   RO          336    i.MX_GPIO_Init      gpio.o
    0x08002fe0   0x08002fe0   0x0000002c   Code   RO          658    i.MX_IWDG_Init      iwdg.o
    0x0800300c   0x0800300c   0x0000000c   Code   RO          659    i.MX_IWDG_Reload    iwdg.o
    0x08003018   0x08003018   0x00000048   Code   RO          386    i.MX_SPI1_Init      spi.o
    0x08003060   0x08003060   0x0000006c   Code   RO          429    i.MX_TIM2_Init      tim.o
    0x080030cc   0x080030cc   0x00000050   Code   RO          476    i.MX_USART1_UART_Init  usart.o
    0x0800311c   0x0800311c   0x00000058   Code   RO          694    i.MX_USB_DEVICE_Init  usb_device.o
    0x08003174   0x08003174   0x00000002   Code   RO          528    i.MemManage_Handler  stm32f1xx_it.o
    0x08003176   0x08003176   0x00000002   Code   RO          529    i.NMI_Handler       stm32f1xx_it.o
    0x08003178   0x08003178   0x000003ac   Code   RO         1164    i.PCD_EP_ISR_Handler  stm32f1xx_hal_pcd.o
    0x08003524   0x08003524   0x00000002   Code   RO          530    i.PendSV_Handler    stm32f1xx_it.o
    0x08003526   0x08003526   0x00000020   Code   RO         2619    i.SPI_EndRxTxTransaction  stm32f1xx_hal_spi.o
    0x08003546   0x08003546   0x00000002   PAD
    0x08003548   0x08003548   0x000000b8   Code   RO         2624    i.SPI_WaitFlagStateUntilTimeout  stm32f1xx_hal_spi.o
    0x08003600   0x08003600   0x00000002   Code   RO          531    i.SVC_Handler       stm32f1xx_it.o
    0x08003602   0x08003602   0x0000000e   Code   RO          532    i.SysTick_Handler   stm32f1xx_it.o
    0x08003610   0x08003610   0x00000080   Code   RO          218    i.SystemClock_Config  main.o
    0x08003690   0x08003690   0x00000002   Code   RO         4259    i.SystemInit        system_stm32f1xx.o
    0x08003692   0x08003692   0x00000002   PAD
    0x08003694   0x08003694   0x0000000c   Code   RO          533    i.TIM2_IRQHandler   stm32f1xx_it.o
    0x080036a0   0x080036a0   0x0000006c   Code   RO         2987    i.TIM_Base_SetConfig  stm32f1xx_hal_tim.o
    0x0800370c   0x0800370c   0x0000001a   Code   RO         2988    i.TIM_CCxChannelCmd  stm32f1xx_hal_tim.o
    0x08003726   0x08003726   0x0000005e   Code   RO         2991    i.TIM_DMADelayPulseCplt  stm32f1xx_hal_tim.o
    0x08003784   0x08003784   0x00000038   Code   RO         2992    i.TIM_DMADelayPulseHalfCplt  stm32f1xx_hal_tim.o
    0x080037bc   0x080037bc   0x00000054   Code   RO         2993    i.TIM_DMAError      stm32f1xx_hal_tim.o
    0x08003810   0x08003810   0x00000050   Code   RO         3000    i.TIM_OC1_SetConfig  stm32f1xx_hal_tim.o
    0x08003860   0x08003860   0x00000058   Code   RO         3001    i.TIM_OC2_SetConfig  stm32f1xx_hal_tim.o
    0x080038b8   0x080038b8   0x00000058   Code   RO         3002    i.TIM_OC3_SetConfig  stm32f1xx_hal_tim.o
    0x08003910   0x08003910   0x00000044   Code   RO         3003    i.TIM_OC4_SetConfig  stm32f1xx_hal_tim.o
    0x08003954   0x08003954   0x00000010   Code   RO         3908    i.UART_DMAAbortOnError  stm32f1xx_hal_uart.o
    0x08003964   0x08003964   0x0000004a   Code   RO         3909    i.UART_DMAError     stm32f1xx_hal_uart.o
    0x080039ae   0x080039ae   0x00000086   Code   RO         3910    i.UART_DMAReceiveCplt  stm32f1xx_hal_uart.o
    0x08003a34   0x08003a34   0x0000001e   Code   RO         3912    i.UART_DMARxHalfCplt  stm32f1xx_hal_uart.o
    0x08003a52   0x08003a52   0x00000042   Code   RO         3914    i.UART_DMATransmitCplt  stm32f1xx_hal_uart.o
    0x08003a94   0x08003a94   0x0000000a   Code   RO         3916    i.UART_DMATxHalfCplt  stm32f1xx_hal_uart.o
    0x08003a9e   0x08003a9e   0x0000004e   Code   RO         3918    i.UART_EndRxTransfer  stm32f1xx_hal_uart.o
    0x08003aec   0x08003aec   0x0000001c   Code   RO         3919    i.UART_EndTxTransfer  stm32f1xx_hal_uart.o
    0x08003b08   0x08003b08   0x00000038   Code   RO          477    i.UART_RX_Task      usart.o
    0x08003b40   0x08003b40   0x000000c2   Code   RO         3920    i.UART_Receive_IT   stm32f1xx_hal_uart.o
    0x08003c02   0x08003c02   0x00000002   PAD
    0x08003c04   0x08003c04   0x000000b8   Code   RO         3921    i.UART_SetConfig    stm32f1xx_hal_uart.o
    0x08003cbc   0x08003cbc   0x00000090   Code   RO         3922    i.UART_Start_Receive_DMA  stm32f1xx_hal_uart.o
    0x08003d4c   0x08003d4c   0x00000058   Code   RO          534    i.USART1_IRQHandler  stm32f1xx_it.o
    0x08003da4   0x08003da4   0x00000046   Code   RO         4559    i.USBD_CDC_DataIn   usbd_cdc.o
    0x08003dea   0x08003dea   0x0000002e   Code   RO         4560    i.USBD_CDC_DataOut  usbd_cdc.o
    0x08003e18   0x08003e18   0x00000044   Code   RO         4561    i.USBD_CDC_DeInit   usbd_cdc.o
    0x08003e5c   0x08003e5c   0x00000024   Code   RO         4562    i.USBD_CDC_EP0_RxReady  usbd_cdc.o
    0x08003e80   0x08003e80   0x0000000c   Code   RO         4563    i.USBD_CDC_GetDeviceQualifierDescriptor  usbd_cdc.o
    0x08003e8c   0x08003e8c   0x0000000c   Code   RO         4564    i.USBD_CDC_GetFSCfgDesc  usbd_cdc.o
    0x08003e98   0x08003e98   0x0000000c   Code   RO         4565    i.USBD_CDC_GetHSCfgDesc  usbd_cdc.o
    0x08003ea4   0x08003ea4   0x0000000c   Code   RO         4566    i.USBD_CDC_GetOtherSpeedCfgDesc  usbd_cdc.o
    0x08003eb0   0x08003eb0   0x00000094   Code   RO         4567    i.USBD_CDC_Init     usbd_cdc.o
    0x08003f44   0x08003f44   0x00000028   Code   RO         4568    i.USBD_CDC_ReceivePacket  usbd_cdc.o
    0x08003f6c   0x08003f6c   0x00000010   Code   RO         4569    i.USBD_CDC_RegisterInterface  usbd_cdc.o
    0x08003f7c   0x08003f7c   0x0000000c   Code   RO         4570    i.USBD_CDC_SetRxBuffer  usbd_cdc.o
    0x08003f88   0x08003f88   0x00000010   Code   RO         4571    i.USBD_CDC_SetTxBuffer  usbd_cdc.o
    0x08003f98   0x08003f98   0x000000ac   Code   RO         4572    i.USBD_CDC_Setup    usbd_cdc.o
    0x08004044   0x08004044   0x00000036   Code   RO         4573    i.USBD_CDC_TransmitPacket  usbd_cdc.o
    0x0800407a   0x0800407a   0x0000000e   Code   RO         4296    i.USBD_ClrClassConfig  usbd_core.o
    0x08004088   0x08004088   0x00000010   Code   RO         4499    i.USBD_CtlContinueRx  usbd_ioreq.o
    0x08004098   0x08004098   0x00000010   Code   RO         4500    i.USBD_CtlContinueSendData  usbd_ioreq.o
    0x080040a8   0x080040a8   0x00000016   Code   RO         4434    i.USBD_CtlError     usbd_ctlreq.o
    0x080040be   0x080040be   0x0000001e   Code   RO         4501    i.USBD_CtlPrepareRx  usbd_ioreq.o
    0x080040dc   0x080040dc   0x00000016   Code   RO         4502    i.USBD_CtlReceiveStatus  usbd_ioreq.o
    0x080040f2   0x080040f2   0x0000001a   Code   RO         4503    i.USBD_CtlSendData  usbd_ioreq.o
    0x0800410c   0x0800410c   0x00000016   Code   RO         4504    i.USBD_CtlSendStatus  usbd_ioreq.o
    0x08004122   0x08004122   0x00000002   PAD
    0x08004124   0x08004124   0x00000020   Code   RO          731    i.USBD_FS_ConfigStrDescriptor  usbd_desc.o
    0x08004144   0x08004144   0x0000000c   Code   RO          732    i.USBD_FS_DeviceDescriptor  usbd_desc.o
    0x08004150   0x08004150   0x00000024   Code   RO          733    i.USBD_FS_InterfaceStrDescriptor  usbd_desc.o
    0x08004174   0x08004174   0x0000000c   Code   RO          734    i.USBD_FS_LangIDStrDescriptor  usbd_desc.o
    0x08004180   0x08004180   0x00000028   Code   RO          735    i.USBD_FS_ManufacturerStrDescriptor  usbd_desc.o
    0x080041a8   0x080041a8   0x0000002c   Code   RO          736    i.USBD_FS_ProductStrDescriptor  usbd_desc.o
    0x080041d4   0x080041d4   0x00000038   Code   RO          737    i.USBD_FS_SerialStrDescriptor  usbd_desc.o
    0x0800420c   0x0800420c   0x000000e8   Code   RO         4435    i.USBD_GetDescriptor  usbd_ctlreq.o
    0x080042f4   0x080042f4   0x00000048   Code   RO         4436    i.USBD_GetString    usbd_ctlreq.o
    0x0800433c   0x0800433c   0x00000018   Code   RO          894    i.USBD_Get_USB_Status  usbd_conf.o
    0x08004354   0x08004354   0x0000002a   Code   RO         4298    i.USBD_Init         usbd_core.o
    0x0800437e   0x0800437e   0x00000012   Code   RO          895    i.USBD_LL_ClearStallEP  usbd_conf.o
    0x08004390   0x08004390   0x00000012   Code   RO          896    i.USBD_LL_CloseEP   usbd_conf.o
    0x080043a2   0x080043a2   0x000000c6   Code   RO         4299    i.USBD_LL_DataInStage  usbd_core.o
    0x08004468   0x08004468   0x00000082   Code   RO         4300    i.USBD_LL_DataOutStage  usbd_core.o
    0x080044ea   0x080044ea   0x00000008   Code   RO          900    i.USBD_LL_GetRxDataSize  usbd_conf.o
    0x080044f2   0x080044f2   0x00000002   PAD
    0x080044f4   0x080044f4   0x00000080   Code   RO          901    i.USBD_LL_Init      usbd_conf.o
    0x08004574   0x08004574   0x00000020   Code   RO          902    i.USBD_LL_IsStallEP  usbd_conf.o
    0x08004594   0x08004594   0x00000018   Code   RO          903    i.USBD_LL_OpenEP    usbd_conf.o
    0x080045ac   0x080045ac   0x00000012   Code   RO          904    i.USBD_LL_PrepareReceive  usbd_conf.o
    0x080045be   0x080045be   0x00000050   Code   RO         4305    i.USBD_LL_Reset     usbd_core.o
    0x0800460e   0x0800460e   0x00000014   Code   RO         4306    i.USBD_LL_Resume    usbd_core.o
    0x08004622   0x08004622   0x00000018   Code   RO         4307    i.USBD_LL_SOF       usbd_core.o
    0x0800463a   0x0800463a   0x00000006   Code   RO         4308    i.USBD_LL_SetSpeed  usbd_core.o
    0x08004640   0x08004640   0x00000012   Code   RO          905    i.USBD_LL_SetUSBAddress  usbd_conf.o
    0x08004652   0x08004652   0x0000005a   Code   RO         4309    i.USBD_LL_SetupStage  usbd_core.o
    0x080046ac   0x080046ac   0x00000012   Code   RO          906    i.USBD_LL_StallEP   usbd_conf.o
    0x080046be   0x080046be   0x00000012   Code   RO          907    i.USBD_LL_Start     usbd_conf.o
    0x080046d0   0x080046d0   0x00000012   Code   RO         4310    i.USBD_LL_Suspend   usbd_core.o
    0x080046e2   0x080046e2   0x00000012   Code   RO          909    i.USBD_LL_Transmit  usbd_conf.o
    0x080046f4   0x080046f4   0x00000028   Code   RO         4437    i.USBD_ParseSetupRequest  usbd_ctlreq.o
    0x0800471c   0x0800471c   0x00000010   Code   RO         4311    i.USBD_RegisterClass  usbd_core.o
    0x0800472c   0x0800472c   0x00000016   Code   RO         4313    i.USBD_SetClassConfig  usbd_core.o
    0x08004742   0x08004742   0x00000002   PAD
    0x08004744   0x08004744   0x00000084   Code   RO         4438    i.USBD_SetConfig    usbd_ctlreq.o
    0x080047c8   0x080047c8   0x0000000a   Code   RO         4314    i.USBD_Start        usbd_core.o
    0x080047d2   0x080047d2   0x00000112   Code   RO         4439    i.USBD_StdDevReq    usbd_ctlreq.o
    0x080048e4   0x080048e4   0x00000150   Code   RO         4440    i.USBD_StdEPReq     usbd_ctlreq.o
    0x08004a34   0x08004a34   0x0000004e   Code   RO         4441    i.USBD_StdItfReq    usbd_ctlreq.o
    0x08004a82   0x08004a82   0x00000002   Code   RO          910    i.USBD_static_free  usbd_conf.o
    0x08004a84   0x08004a84   0x00000008   Code   RO          911    i.USBD_static_malloc  usbd_conf.o
    0x08004a8c   0x08004a8c   0x0000029c   Code   RO         1407    i.USB_ActivateEndpoint  stm32f1xx_ll_usb.o
    0x08004d28   0x08004d28   0x00000004   Code   RO         1410    i.USB_CoreInit      stm32f1xx_ll_usb.o
    0x08004d2c   0x08004d2c   0x0000010e   Code   RO         1412    i.USB_DeactivateEndpoint  stm32f1xx_ll_usb.o
    0x08004e3a   0x08004e3a   0x00000004   Code   RO         1413    i.USB_DevConnect    stm32f1xx_ll_usb.o
    0x08004e3e   0x08004e3e   0x00000004   Code   RO         1414    i.USB_DevDisconnect  stm32f1xx_ll_usb.o
    0x08004e42   0x08004e42   0x00000012   Code   RO         1415    i.USB_DevInit       stm32f1xx_ll_usb.o
    0x08004e54   0x08004e54   0x0000000e   Code   RO         1416    i.USB_DisableGlobalInt  stm32f1xx_ll_usb.o
    0x08004e62   0x08004e62   0x00000002   PAD
    0x08004e64   0x08004e64   0x00000070   Code   RO          695    i.USB_Disconnected  usb_device.o
    0x08004ed4   0x08004ed4   0x00000004   Code   RO         1417    i.USB_EP0_OutStart  stm32f1xx_ll_usb.o
    0x08004ed8   0x08004ed8   0x00000078   Code   RO         1418    i.USB_EPClearStall  stm32f1xx_ll_usb.o
    0x08004f50   0x08004f50   0x00000032   Code   RO         1419    i.USB_EPSetStall    stm32f1xx_ll_usb.o
    0x08004f82   0x08004f82   0x000004e2   Code   RO         1420    i.USB_EPStartXfer   stm32f1xx_ll_usb.o
    0x08005464   0x08005464   0x00000012   Code   RO         1422    i.USB_EnableGlobalInt  stm32f1xx_ll_usb.o
    0x08005476   0x08005476   0x00000002   PAD
    0x08005478   0x08005478   0x0000000c   Code   RO          535    i.USB_LP_CAN1_RX0_IRQHandler  stm32f1xx_it.o
    0x08005484   0x08005484   0x00000006   Code   RO         1429    i.USB_ReadInterrupts  stm32f1xx_ll_usb.o
    0x0800548a   0x0800548a   0x00000002   PAD
    0x0800548c   0x0800548c   0x0000002c   Code   RO         1430    i.USB_ReadPMA       stm32f1xx_ll_usb.o
    0x080054b8   0x080054b8   0x00000004   Code   RO         1431    i.USB_SetCurrentMode  stm32f1xx_ll_usb.o
    0x080054bc   0x080054bc   0x0000000c   Code   RO         1432    i.USB_SetDevAddress  stm32f1xx_ll_usb.o
    0x080054c8   0x080054c8   0x00000030   Code   RO          821    i.USB_VCP_RX_Task   usbd_cdc_if.o
    0x080054f8   0x080054f8   0x00000038   Code   RO          822    i.USB_VCP_RX_TimeOut  usbd_cdc_if.o
    0x08005530   0x08005530   0x00000026   Code   RO         1434    i.USB_WritePMA      stm32f1xx_ll_usb.o
    0x08005556   0x08005556   0x00000002   Code   RO          536    i.UsageFault_Handler  stm32f1xx_it.o
    0x08005558   0x08005558   0x000000c4   Code   RO           16    i.WS28xx_DisplayTask  ws281x.o
    0x0800561c   0x0800561c   0x0000003c   Code   RO           17    i.WS28xx_TypeStructInit  ws281x.o
    0x08005658   0x08005658   0x00000078   Code   RO           18    i.__GetPixelColor_RGB  ws281x.o
    0x080056d0   0x080056d0   0x00000020   Code   RO         2083    i.__NVIC_SetPriority  stm32f1xx_hal_cortex.o
    0x080056f0   0x080056f0   0x00000038   Code   RO           19    i.__SetALLColor_RGB  ws281x.o
    0x08005728   0x08005728   0x00000044   Code   RO           20    i.__SetPixelColor_From_RGB_Buffer  ws281x.o
    0x0800576c   0x0800576c   0x000000b8   Code   RO           21    i.__SetPixelColor_RGB  ws281x.o
    0x08005824   0x08005824   0x00000164   Code   RO           22    i.__hsv2rgb         ws281x.o
    0x08005988   0x08005988   0x00000144   Code   RO           23    i.__rgb2hsv         ws281x.o
    0x08005acc   0x08005acc   0x00000014   Code   RO           24    i.__show            ws281x.o
    0x08005ae0   0x08005ae0   0x000000ec   Code   RO          219    i.main              main.o
    0x08005bcc   0x08005bcc   0x00000002   Code   RO         4826    i.mprintf           board_mini_printf.o
    0x08005bce   0x08005bce   0x00000002   PAD
    0x08005bd0   0x08005bd0   0x00000062   Code   RO         5130    x$fpl$d2f           fz_ws.l(d2f.o)
    0x08005c32   0x08005c32   0x00000002   PAD
    0x08005c34   0x08005c34   0x00000150   Code   RO         5132    x$fpl$dadd          fz_ws.l(daddsub_clz.o)
    0x08005d84   0x08005d84   0x000002b0   Code   RO         5139    x$fpl$ddiv          fz_ws.l(ddiv.o)
    0x08006034   0x08006034   0x0000005a   Code   RO         5142    x$fpl$dfixu         fz_ws.l(dfixu.o)
    0x0800608e   0x0800608e   0x0000002e   Code   RO         5147    x$fpl$dflt          fz_ws.l(dflt_clz.o)
    0x080060bc   0x080060bc   0x00000026   Code   RO         5146    x$fpl$dfltu         fz_ws.l(dflt_clz.o)
    0x080060e2   0x080060e2   0x0000009c   Code   RO         5187    x$fpl$dnaninf       fz_ws.l(dnaninf.o)
    0x0800617e   0x0800617e   0x0000000c   Code   RO         5189    x$fpl$dretinf       fz_ws.l(dretinf.o)
    0x0800618a   0x0800618a   0x00000002   PAD
    0x0800618c   0x0800618c   0x000001d4   Code   RO         5134    x$fpl$dsub          fz_ws.l(daddsub_clz.o)
    0x08006360   0x08006360   0x00000056   Code   RO         5152    x$fpl$f2d           fz_ws.l(f2d.o)
    0x080063b6   0x080063b6   0x00000002   PAD
    0x080063b8   0x080063b8   0x000000c4   Code   RO         5154    x$fpl$fadd          fz_ws.l(faddsub_clz.o)
    0x0800647c   0x0800647c   0x00000018   Code   RO         5191    x$fpl$fcmpinf       fz_ws.l(fcmpi.o)
    0x08006494   0x08006494   0x00000184   Code   RO         5161    x$fpl$fdiv          fz_ws.l(fdiv.o)
    0x08006618   0x08006618   0x00000068   Code   RO         5164    x$fpl$feqf          fz_ws.l(feqf.o)
    0x08006680   0x08006680   0x00000036   Code   RO         5166    x$fpl$ffix          fz_ws.l(ffix.o)
    0x080066b6   0x080066b6   0x00000002   PAD
    0x080066b8   0x080066b8   0x0000003e   Code   RO         5170    x$fpl$ffixu         fz_ws.l(ffixu.o)
    0x080066f6   0x080066f6   0x00000002   PAD
    0x080066f8   0x080066f8   0x00000026   Code   RO         5174    x$fpl$ffltu         fz_ws.l(fflt_clz.o)
    0x0800671e   0x0800671e   0x00000002   PAD
    0x08006720   0x08006720   0x00000068   Code   RO         5180    x$fpl$fleqf         fz_ws.l(fleqf.o)
    0x08006788   0x08006788   0x00000102   Code   RO         5182    x$fpl$fmul          fz_ws.l(fmul.o)
    0x0800688a   0x0800688a   0x0000008c   Code   RO         5193    x$fpl$fnaninf       fz_ws.l(fnaninf.o)
    0x08006916   0x08006916   0x0000000a   Code   RO         5195    x$fpl$fretinf       fz_ws.l(fretinf.o)
    0x08006920   0x08006920   0x00000062   Code   RO         5184    x$fpl$frleqf        fz_ws.l(frleqf.o)
    0x08006982   0x08006982   0x00000014   Code   RO         5155    x$fpl$frsb          fz_ws.l(faddsub_clz.o)
    0x08006996   0x08006996   0x00000002   PAD
    0x08006998   0x08006998   0x000000ea   Code   RO         5156    x$fpl$fsub          fz_ws.l(faddsub_clz.o)
    0x08006a82   0x08006a82   0x00000000   Code   RO         5197    x$fpl$usenofp       fz_ws.l(usenofp.o)
    0x08006a82   0x08006a82   0x00000012   Data   RO         1781    .constdata          stm32f1xx_hal_rcc.o
    0x08006a94   0x08006a94   0x00000010   Data   RO         4260    .constdata          system_stm32f1xx.o
    0x08006aa4   0x08006aa4   0x00000008   Data   RO         4261    .constdata          system_stm32f1xx.o
    0x08006aac   0x08006aac   0x00000024   Data   RO         5102    .constdata          ebyte_core.o
    0x08006ad0   0x08006ad0   0x00000020   Data   RO         5352    Region$$Table       anon$$obj.o


    Execution Region RW_IRAM1 (Exec base: 0x20000000, Load base: 0x08006af0, Size: 0x00002e88, Max: 0x00005000, ABSOLUTE, COMPRESSED[0x000000cc])

    Exec Addr    Load Addr    Size         Type   Attr      Idx    E Section Name        Object

    0x20000000   COMPRESSED   0x00000004   Data   RW           26    .data               ws281x.o
    0x20000004   COMPRESSED   0x0000001c   Data   RW          739    .data               usbd_desc.o
    0x20000020   COMPRESSED   0x00000032   Data   RW          740    .data               usbd_desc.o
    0x20000052   COMPRESSED   0x00000002   PAD
    0x20000054   COMPRESSED   0x00000010   Data   RW          824    .data               usbd_cdc_if.o
    0x20000064   COMPRESSED   0x0000000c   Data   RW         1618    .data               stm32f1xx_hal.o
    0x20000070   COMPRESSED   0x00000004   Data   RW         4262    .data               system_stm32f1xx.o
    0x20000074   COMPRESSED   0x00000001   Data   RW         4442    .data               usbd_ctlreq.o
    0x20000075   COMPRESSED   0x00000003   PAD
    0x20000078   COMPRESSED   0x000000d7   Data   RW         4574    .data               usbd_cdc.o
    0x2000014f   COMPRESSED   0x00000001   PAD
    0x20000150   COMPRESSED   0x00000038   Data   RW         4575    .data               usbd_cdc.o
    0x20000188   COMPRESSED   0x0000000d   Data   RW         4913    .data               ebyte_e32x.o
    0x20000195   COMPRESSED   0x00000003   PAD
    0x20000198        -       0x000000ac   Zero   RW           25    .bss                ws281x.o
    0x20000244        -       0x0000004c   Zero   RW          220    .bss                main.o
    0x20000290        -       0x00000058   Zero   RW          387    .bss                spi.o
    0x200002e8        -       0x0000008c   Zero   RW          430    .bss                tim.o
    0x20000374        -       0x000002d4   Zero   RW          478    .bss                usart.o
    0x20000648        -       0x0000000c   Zero   RW          660    .bss                iwdg.o
    0x20000654        -       0x000002c4   Zero   RW          696    .bss                usb_device.o
    0x20000918        -       0x00000200   Zero   RW          738    .bss                usbd_desc.o
    0x20000b18        -       0x000008ec   Zero   RW          823    .bss                usbd_cdc_if.o
    0x20001404        -       0x00000510   Zero   RW          912    .bss                usbd_conf.o
    0x20001914        -       0x00000013   Zero   RW         4740    .bss                board.o
    0x20001927        -       0x000000ff   Zero   RW         4912    .bss                ebyte_e32x.o
    0x20001a26   COMPRESSED   0x00000002   PAD
    0x20001a28        -       0x00000060   Zero   RW         5224    .bss                c_w.l(libspace.o)
    0x20001a88        -       0x00000400   Zero   RW            2    HEAP                startup_stm32f103xb.o
    0x20001e88        -       0x00001000   Zero   RW            1    STACK               startup_stm32f103xb.o


==============================================================================

Image component sizes


      Code (inc. data)   RO Data    RW Data    ZI Data      Debug   Object Name

        12          6          0          0         19       3384   board.o
        10          0          0          0          0        918   board_button.o
         2          0          0          0          0        498   board_mini_printf.o
        76          4          0          0          0        722   dma.o
        68         12          0          0          0       1871   ebyte_callback.o
         0          0         36          0          0       1299   ebyte_core.o
      1130         46          0         13        255      16424   ebyte_e32x.o
        22          0          0          0          0        974   ebyte_kfifo.o
       136         20          0          0          0       3437   ebyte_port.o
       172         14          0          0          0        887   gpio.o
        56         14          0          0         12       1040   iwdg.o
       368        126          0          0         76      12177   main.o
       184         22          0          0         88       1549   spi.o
        64         26        236          0       5120        784   startup_stm32f103xb.o
       164         28          0         12          0       5697   stm32f1xx_hal.o
       198         14          0          0          0      28779   stm32f1xx_hal_cortex.o
       808         36          0          0          0       4806   stm32f1xx_hal_dma.o
       490         34          0          0          0       2808   stm32f1xx_hal_gpio.o
       102          0          0          0          0       1755   stm32f1xx_hal_iwdg.o
        60          8          0          0          0        818   stm32f1xx_hal_msp.o
      3094          0          0          0          0      13913   stm32f1xx_hal_pcd.o
        60          0          0          0          0       1122   stm32f1xx_hal_pcd_ex.o
      1248         86         18          0          0       4984   stm32f1xx_hal_rcc.o
       236         12          0          0          0       1332   stm32f1xx_hal_rcc_ex.o
       888          4          0          0          0       4613   stm32f1xx_hal_spi.o
      1762         60          0          0          0      14415   stm32f1xx_hal_tim.o
       108         12          0          0          0       2297   stm32f1xx_hal_tim_ex.o
      1950         38          0          0          0      15171   stm32f1xx_hal_uart.o
       218         50          0          0          0       6902   stm32f1xx_it.o
      2528          0          0          0          0      15651   stm32f1xx_ll_usb.o
         2          0         24          4          0       1035   system_stm32f1xx.o
       292         30          0          0        140       2237   tim.o
       356         42          0          0        724       2923   usart.o
       200         26          0          0        708       1812   usb_device.o
       726         16          0        271          0      12578   usbd_cdc.o
       356         40          0         16       2284       5063   usbd_cdc_if.o
       556         30          0          0       1296      13545   usbd_conf.o
       670          0          0          0          0       9095   usbd_core.o
      1186         28          0          1          0       7688   usbd_ctlreq.o
       288        104          0         78        512       5661   usbd_desc.o
       132          0          0          0          0       4140   usbd_ioreq.o
      1516        102          0          4        172     457474   ws281x.o

    ----------------------------------------------------------------------
     22542       1090        346        408      11408     694278   Object Totals
         0          0         32          0          0          0   (incl. Generated)
        48          0          0          9          2          0   (incl. Padding)

    ----------------------------------------------------------------------

      Code (inc. data)   RO Data    RW Data    ZI Data      Debug   Library Member Name

        90          0          0          0          0          0   __dczerorl2.o
         8          0          0          0          0         68   __main.o
         0          0          0          0          0          0   __rtentry.o
        12          0          0          0          0          0   __rtentry2.o
         6          0          0          0          0          0   __rtentry4.o
        52          8          0          0          0          0   __scatter.o
        28          0          0          0          0          0   __scatter_zi.o
        18          0          0          0          0         80   exit.o
         6          0          0          0          0        152   heapauxi.o
         0          0          0          0          0          0   indicate_semi.o
         2          0          0          0          0          0   libinit.o
         2          0          0          0          0          0   libinit2.o
         2          0          0          0          0          0   libshutdown.o
         2          0          0          0          0          0   libshutdown2.o
         8          4          0          0         96         68   libspace.o
        68          0          0          0          0         68   rt_memclr.o
        78          0          0          0          0         80   rt_memclr_w.o
       138          0          0          0          0         68   rt_memcpy_v6.o
       100          0          0          0          0         80   rt_memcpy_w.o
         2          0          0          0          0          0   rtexit.o
        10          0          0          0          0          0   rtexit2.o
        12          4          0          0          0         68   sys_exit.o
        74          0          0          0          0         80   sys_stackheap_outer.o
         2          0          0          0          0         68   use_no_semi.o
        98          4          0          0          0         92   d2f.o
       804         16          0          0          0        272   daddsub_clz.o
       688        140          0          0          0        208   ddiv.o
        90          4          0          0          0         92   dfixu.o
        84          0          0          0          0        136   dflt_clz.o
       156          4          0          0          0         92   dnaninf.o
        12          0          0          0          0         68   dretinf.o
        86          4          0          0          0         84   f2d.o
       450          8          0          0          0        236   faddsub_clz.o
        24          0          0          0          0         68   fcmpi.o
       388         76          0          0          0         96   fdiv.o
       104          4          0          0          0         84   feqf.o
        54          4          0          0          0         84   ffix.o
        62          4          0          0          0         84   ffixu.o
        38          0          0          0          0         68   fflt_clz.o
       104          4          0          0          0         84   fleqf.o
       258          4          0          0          0         84   fmul.o
       140          4          0          0          0         84   fnaninf.o
        10          0          0          0          0         68   fretinf.o
        98          0          0          0          0         68   frleqf.o
         0          0          0          0          0          0   usenofp.o

    ----------------------------------------------------------------------
      4488        296          0          0         96       3032   Library Totals
        20          0          0          0          0          0   (incl. Padding)

    ----------------------------------------------------------------------

      Code (inc. data)   RO Data    RW Data    ZI Data      Debug   Library Name

       720         16          0          0         96        880   c_w.l
      3748        280          0          0          0       2152   fz_ws.l

    ----------------------------------------------------------------------
      4488        296          0          0         96       3032   Library Totals

    ----------------------------------------------------------------------

==============================================================================


      Code (inc. data)   RO Data    RW Data    ZI Data      Debug   

     27030       1386        346        408      11504     682070   Grand Totals
     27030       1386        346        204      11504     682070   ELF Image Totals (compressed)
     27030       1386        346        204          0          0   ROM Totals

==============================================================================

    Total RO  Size (Code + RO Data)                27376 (  26.73kB)
    Total RW  Size (RW Data + ZI Data)             11912 (  11.63kB)
    Total ROM Size (Code + RO Data + RW Data)      27580 (  26.93kB)

==============================================================================

